map $request_uri $new_uri {
	default "";
	/podcasts/radio-t-627/			/p/2018/12/08/podcast-627/;
	/podcasts/radio-t-626/			/p/2018/12/01/podcast-626/;
	/podcasts/radio-t-625/			/p/2018/11/24/podcast-625/;
	/podcasts/radio-t-624/			/p/2018/11/17/podcast-624/;
	/podcasts/radio-t-623/			/p/2018/11/10/podcast-623/;
	/podcasts/radio-t-622/			/p/2018/11/03/podcast-622/;
	/podcasts/radio-t-621/			/p/2018/10/27/podcast-621/;
	/podcasts/radio-t-620/			/p/2018/10/20/podcast-620/;
	/podcasts/radio-t-619/			/p/2018/10/13/podcast-619/;
	/podcasts/radio-t-618/			/p/2018/10/06/podcast-618/;
	/podcasts/radio-t-617/			/p/2018/09/29/podcast-617/;
	/podcasts/radio-t-616/			/p/2018/09/22/podcast-616/;
	/podcasts/radio-t-615/			/p/2018/09/15/podcast-615/;
	/podcasts/radio-t-614/			/p/2018/09/08/podcast-614/;
	/podcasts/radio-t-613/			/p/2018/09/01/podcast-613/;
	/podcasts/radio-t-612/			/p/2018/08/25/podcast-612/;
	/podcasts/radio-t-611/			/p/2018/08/18/podcast-611/;
	/podcasts/radio-t-610/			/p/2018/08/11/podcast-610/;
	/podcasts/radio-t-609/			/p/2018/08/04/podcast-609/;
	/podcasts/radio-t-608/			/p/2018/07/28/podcast-608/;
	/podcasts/radio-t-607/			/p/2018/07/22/podcast-607/;
	/podcasts/radio-t-606/			/p/2018/07/14/podcast-606/;
	/podcasts/radio-t-605/			/p/2018/07/07/podcast-605/;
	/podcasts/radio-t-604/			/p/2018/06/30/podcast-604/;
	/podcasts/radio-t-603/			/p/2018/06/23/podcast-603/;
	/podcasts/radio-t-602/			/p/2018/06/16/podcast-602/;
	/podcasts/radio-t-601/			/p/2018/06/09/podcast-601/;
	/podcasts/radio-t-600/			/p/2018/06/02/podcast-600/;
	/podcasts/radio-t-599/			/p/2018/05/26/podcast-599/;
	/podcasts/radio-t-598/			/p/2018/05/19/podcast-598/;
	/podcasts/radio-t-597/			/p/2018/05/12/podcast-597/;
	/podcasts/radio-t-596/			/p/2018/05/05/podcast-596/;
	/podcasts/radio-t-595/			/p/2018/04/28/podcast-595/;
	/podcasts/radio-t-594/			/p/2018/04/21/podcast-594/;
	/podcasts/radio-t-593/			/p/2018/04/14/podcast-593/;
	/podcasts/radio-t-592/			/p/2018/04/07/podcast-592/;
	/podcasts/radio-t-591/			/p/2018/03/31/podcast-591/;
	/podcasts/radio-t-590/			/p/2018/03/24/podcast-590/;
	/podcasts/radio-t-589/			/p/2018/03/17/podcast-589/;
	/podcasts/radio-t-588/			/p/2018/03/10/podcast-588/;
	/podcasts/radio-t-587/			/p/2018/03/03/podcast-587/;
	/podcasts/radio-t-586/			/p/2018/02/24/podcast-586/;
	/podcasts/radio-t-585/			/p/2018/02/17/podcast-585/;
	/podcasts/radio-t-584/			/p/2018/02/10/podcast-584/;
	/podcasts/radio-t-583/			/p/2018/02/03/podcast-583/;
	/podcasts/radio-t-582/			/p/2018/01/27/podcast-582/;
	/podcasts/radio-t-581/			/p/2018/01/20/podcast-581/;
	/podcasts/radio-t-580/			/p/2018/01/13/podcast-580/;
	/podcasts/radio-t-579/			/p/2018/01/06/podcast-579/;
	/podcasts/radio-t-578/			/p/2017/12/30/podcast-578/;
	/podcasts/radio-t-577/			/p/2017/12/23/podcast-577/;
	/podcasts/radio-t-576/			/p/2017/12/16/podcast-576/;
	/podcasts/radio-t-575/			/p/2017/12/09/podcast-575/;
	/podcasts/radio-t-574/			/p/2017/12/02/podcast-574/;
	/podcasts/radio-t-573/			/p/2017/11/25/podcast-573/;
	/podcasts/radio-t-572/			/p/2017/11/18/podcast-572/;
	/podcasts/radio-t-571/			/p/2017/11/11/podcast-571/;
	/podcasts/radio-t-570/			/p/2017/11/04/podcast-570/;
	/podcasts/radio-t-569/			/p/2017/10/28/podcast-569/;
	/podcasts/radio-t-568/			/p/2017/10/21/podcast-568/;
	/podcasts/radio-t-567/			/p/2017/10/14/podcast-567/;
	/podcasts/radio-t-566/			/p/2017/10/07/podcast-566/;
	/podcasts/radio-t-565/			/p/2017/09/30/podcast-565/;
	/podcasts/radio-t-564/			/p/2017/09/23/podcast-564/;
	/podcasts/radio-t-563/			/p/2017/09/16/podcast-563/;
	/podcasts/radio-t-562/			/p/2017/09/09/podcast-562/;
	/podcasts/radio-t-561/			/p/2017/09/02/podcast-561/;
	/podcasts/radio-t-560/			/p/2017/08/26/podcast-560/;
	/podcasts/radio-t-559/			/p/2017/08/19/podcast-559/;
	/podcasts/radio-t-558/			/p/2017/08/12/podcast-558/;
	/podcasts/radio-t-557/			/p/2017/08/05/podcast-557/;
	/podcasts/radio-t-556/			/p/2017/07/29/podcast-556/;
	/podcasts/radio-t-555/			/p/2017/07/22/podcast-555/;
	/podcasts/radio-t-554/			/p/2017/07/15/podcast-554/;
	/podcasts/radio-t-553/			/p/2017/07/08/podcast-553/;
	/podcasts/radio-t-552/			/p/2017/07/01/podcast-552/;
	/podcasts/radio-t-551/			/p/2017/06/24/podcast-551/;
	/podcasts/radio-t-550/			/p/2017/06/17/podcast-550/;
	/podcasts/radio-t-549/			/p/2017/06/10/podcast-549/;
	/podcasts/radio-t-548/			/p/2017/06/03/podcast-548/;
	/podcasts/radio-t-547/			/p/2017/05/27/podcast-547/;
	/podcasts/radio-t-546/			/p/2017/05/20/podcast-546/;
	/podcasts/radio-t-545/			/p/2017/05/13/podcast-545/;
	/podcasts/radio-t-544/			/p/2017/05/06/podcast-544/;
	/podcasts/radio-t-543/			/p/2017/04/29/podcast-543/;
	/podcasts/radio-t-542/			/p/2017/04/22/podcast-542/;
	/podcasts/radio-t-541/			/p/2017/04/15/podcast-541/;
	/podcasts/radio-t-540/			/p/2017/04/08/podcast-540/;
	/podcasts/radio-t-539/			/p/2017/03/25/podcast-539/;
	/podcasts/radio-t-538/			/p/2017/03/18/podcast-538/;
	/podcasts/radio-t-537/			/p/2017/03/11/podcast-537/;
	/podcasts/radio-t-536/			/p/2017/03/04/podcast-536/;
	/podcasts/radio-t-535/			/p/2017/02/25/podcast-535/;
	/podcasts/radio-t-534/			/p/2017/02/18/podcast-534/;
	/podcasts/radio-t-533/			/p/2017/02/11/podcast-533/;
	/podcasts/radio-t-532/			/p/2017/02/04/podcast-532/;
	/podcasts/radio-t-531/			/p/2017/01/28/podcast-531/;
	/podcasts/radio-t-530/			/p/2017/01/21/podcast-530/;
	/podcasts/radio-t-529/			/p/2017/01/14/podcast-529/;
	/podcasts/radio-t-528/			/p/2017/01/07/podcast-528/;
	/podcasts/radio-t-527/			/p/2016/12/24/podcast-527/;
	/podcasts/radio-t-526/			/p/2016/12/17/podcast-526/;
	/podcasts/radio-t-525/			/p/2016/12/10/podcast-525/;
	/podcasts/radio-t-524/			/p/2016/12/03/podcast-524/;
	/podcasts/radio-t-523/			/p/2016/11/26/podcast-523/;
	/podcasts/radio-t-522/			/p/2016/11/19/podcast-522/;
	/podcasts/radio-t-521/			/p/2016/11/12/podcast-521/;
	/podcasts/radio-t-520/			/p/2016/11/05/podcast-520/;
	/podcasts/radio-t-519/			/p/2016/10/29/podcast-519/;
	/podcasts/radio-t-518/			/p/2016/10/22/podcast-518/;
	/podcasts/radio-t-517/			/p/2016/10/15/podcast-517/;
	/podcasts/radio-t-516/			/p/2016/10/08/podcast-516/;
	/podcasts/radio-t-515/			/p/2016/10/01/podcast-515/;
	/podcasts/radio-t-514/			/p/2016/09/24/podcast-514/;
	/podcasts/radio-t-513/			/p/2016/09/17/podcast-513/;
	/podcasts/radio-t-512/			/p/2016/09/10/podcast-512/;
	/podcasts/radio-t-511/			/p/2016/09/03/podcast-511/;
	/podcasts/radio-t-510/			/p/2016/08/27/podcast-510/;
	/podcasts/radio-t-509/			/p/2016/08/20/podcast-509/;
	/podcasts/radio-t-508/			/p/2016/08/13/podcast-508/;
	/podcasts/radio-t-507/			/p/2016/08/06/podcast-507/;
	/podcasts/radio-t-506/			/p/2016/07/30/podcast-506/;
	/podcasts/radio-t-505/			/p/2016/07/23/podcast-505/;
	/podcasts/radio-t-504/			/p/2016/07/16/podcast-504/;
	/podcasts/radio-t-503/			/p/2016/07/09/podcast-503/;
	/podcasts/radio-t-502/			/p/2016/07/02/podcast-502/;
	/podcasts/radio-t-501/			/p/2016/06/25/podcast-501/;
	/podcasts/radio-t-500/			/p/2016/06/18/podcast-500/;
	/podcasts/radio-t-499/			/p/2016/06/11/podcast-499/;
	/podcasts/radio-t-498/			/p/2016/06/04/podcast-498/;
	/podcasts/radio-t-497/			/p/2016/05/28/podcast-497/;
	/podcasts/radio-t-496/			/p/2016/05/21/podcast-496/;
	/podcasts/radio-t-495/			/p/2016/05/14/podcast-495/;
	/podcasts/radio-t-494/			/p/2016/05/07/podcast-494/;
	/podcasts/radio-t-493/			/p/2016/04/30/podcast-493/;
	/podcasts/radio-t-492/			/p/2016/04/23/podcast-492/;
	/podcasts/radio-t-491/			/p/2016/04/09/podcast-491/;
	/podcasts/radio-t-490/			/p/2016/04/02/podcast-490/;
	/podcasts/radio-t-489/			/p/2016/03/26/podcast-489/;
	/podcasts/radio-t-488/			/p/2016/03/19/podcast-488/;
	/podcasts/radio-t-487/			/p/2016/03/12/podcast-487/;
	/podcasts/radio-t-486/			/p/2016/03/05/podcast-486/;
	/podcasts/radio-t-485/			/p/2016/02/27/podcast-485/;
	/podcasts/radio-t-484/			/p/2016/02/20/podcast-484/;
	/podcasts/radio-t-483/			/p/2016/02/13/podcast-483/;
	/podcasts/radio-t-482/			/p/2016/02/06/podcast-482/;
	/podcasts/radio-t-481/			/p/2016/01/30/podcast-481/;
	/podcasts/radio-t-480/			/p/2016/01/23/podcast-480/;
	/podcasts/radio-t-479/			/p/2016/01/16/podcast-479/;
	/podcasts/radio-t-478/			/p/2016/01/09/podcast-478/;
	/podcasts/radio-t-477/			/p/2016/01/02/podcast-477/;
	/podcasts/radio-t-476/			/p/2015/12/26/podcast-476/;
	/podcasts/radio-t-475/			/p/2015/12/19/podcast-475/;
	/podcasts/radio-t-474/			/p/2015/12/12/podcast-474/;
	/podcasts/radio-t-473/			/p/2015/12/05/podcast-473/;
	/podcasts/radio-t-472/			/p/2015/11/28/podcast-472/;
	/podcasts/radio-t-471/			/p/2015/11/21/podcast-471/;
	/podcasts/radio-t-470/			/p/2015/11/14/podcast-470/;
	/podcasts/radio-t-469/			/p/2015/11/07/podcast-469/;
	/podcasts/radio-t-468/			/p/2015/10/31/podcast-468/;
	/podcasts/radio-t-467/			/p/2015/10/24/podcast-467/;
	/podcasts/radio-t-466/			/p/2015/10/17/podcast-466/;
	/podcasts/radio-t-465/			/p/2015/10/10/podcast-465/;
	/podcasts/radio-t-464/			/p/2015/10/03/podcast-464/;
	/podcasts/radio-t-463/			/p/2015/09/26/podcast-463/;
	/podcasts/radio-t-462/			/p/2015/09/19/podcast-462/;
	/podcasts/radio-t-461/			/p/2015/09/12/podcast-461/;
	/podcasts/radio-t-460/			/p/2015/09/05/podcast-460/;
	/podcasts/radio-t-459/			/p/2015/08/29/podcast-459/;
	/podcasts/radio-t-458/			/p/2015/08/22/podcast-458/;
	/podcasts/radio-t-457/			/p/2015/08/15/podcast-457/;
	/podcasts/radio-t-456/			/p/2015/08/08/podcast-456/;
	/podcasts/radio-t-455/			/p/2015/08/01/podcast-455/;
	/podcasts/radio-t-454/			/p/2015/07/26/podcast-454/;
	/podcasts/radio-t-453/			/p/2015/07/18/podcast-453/;
	/podcasts/radio-t-452/			/p/2015/07/11/podcast-452/;
	/podcasts/radio-t-451/			/p/2015/07/04/podcast-451/;
	/podcasts/radio-t-450/			/p/2015/06/27/podcast-450/;
	/podcasts/radio-t-449/			/p/2015/06/20/podcast-449/;
	/podcasts/radio-t-448/			/p/2015/06/13/podcast-448/;
	/podcasts/radio-t-447/			/p/2015/06/06/podcast-447/;
	/podcasts/radio-t-446/			/p/2015/05/30/podcast-446/;
	/podcasts/radio-t-445/			/p/2015/05/23/podcast-445/;
	/podcasts/radio-t-444/			/p/2015/05/16/podcast-444/;
	/podcasts/radio-t-443/			/p/2015/05/09/podcast-443/;
	/podcasts/radio-t-442/			/p/2015/05/02/podcast-442/;
	/podcasts/radio-t-441/			/p/2015/04/25/podcast-441/;
	/podcasts/radio-t-440/			/p/2015/04/18/podcast-440/;
	/podcasts/radio-t-439/			/p/2015/04/11/podcast-439/;
	/podcasts/radio-t-438/			/p/2015/04/04/podcast-438/;
	/podcasts/radio-t-437/			/p/2015/03/28/podcast-437/;
	/podcasts/radio-t-436/			/p/2015/03/21/podcast-436/;
	/podcasts/radio-t-435/			/p/2015/03/14/podcast-435/;
	/podcasts/radio-t-434/			/p/2015/03/07/podcast-434/;
	/podcasts/radio-t-433/			/p/2015/02/28/podcast-433/;
	/podcasts/radio-t-432/			/p/2015/02/21/podcast-432/;
	/podcasts/radio-t-431/			/p/2015/02/14/podcast-431/;
	/podcasts/radio-t-430/			/p/2015/02/07/podcast-430/;
	/podcasts/radio-t-429/			/p/2015/01/31/podcast-429/;
	/podcasts/radio-t-428/			/p/2015/01/24/podcast-428/;
	/podcasts/radio-t-427/			/p/2015/01/17/podcast-427/;
	/podcasts/radio-t-426/			/p/2015/01/10/podcast-426/;
	/podcasts/radio-t-425/			/p/2015/01/03/podcast-425/;
	/podcasts/radio-t-424/			/p/2014/12/27/podcast-424/;
	/podcasts/radio-t-423/			/p/2014/12/20/podcast-423/;
	/podcasts/radio-t-422/			/p/2014/12/13/podcast-422/;
	/podcasts/radio-t-421/			/p/2014/12/06/podcast-421/;
	/podcasts/radio-t-420/			/p/2014/11/29/podcast-420/;
	/podcasts/radio-t-419/			/p/2014/11/22/podcast-419/;
	/podcasts/radio-t-418/			/p/2014/11/15/podcast-418/;
	/podcasts/radio-t-417/			/p/2014/11/08/podcast-417/;
	/podcasts/radio-t-416/			/p/2014/11/01/podcast-416/;
	/podcasts/radio-t-415/			/p/2014/10/25/podcast-415/;
	/podcasts/radio-t-414/			/p/2014/10/18/podcast-414/;
	/podcasts/radio-t-413/			/p/2014/10/11/podcast-413/;
	/podcasts/radio-t-412/			/p/2014/10/04/podcast-412/;
	/podcasts/radio-t-411/			/p/2014/09/27/podcast-411/;
	/podcasts/radio-t-410/			/p/2014/09/20/podcast-410/;
	/podcasts/radio-t-409/			/p/2014/09/13/podcast-409/;
	/podcasts/radio-t-408/			/p/2014/09/06/podcast-408/;
	/podcasts/radio-t-407/			/p/2014/08/30/podcast-407/;
	/podcasts/radio-t-406/			/p/2014/08/23/podcast-406/;
	/podcasts/radio-t-405/			/p/2014/08/16/podcast-405/;
	/podcasts/radio-t-404/			/p/2014/08/09/podcast-404/;
	/podcasts/radio-t-403/			/p/2014/08/02/podcast-403/;
	/podcasts/radio-t-402/			/p/2014/07/26/podcast-402/;
	/podcasts/radio-t-401/			/p/2014/07/19/podcast-401/;
	/podcasts/radio-t-400/			/p/2014/07/12/podcast-400/;
	/podcasts/radio-t-399/			/p/2014/07/05/podcast-399/;
	/podcasts/radio-t-398/			/p/2014/06/28/podcast-398/;
	/podcasts/radio-t-397/			/p/2014/06/21/podcast-397/;
	/podcasts/radio-t-396/			/p/2014/06/14/podcast-396/;
	/podcasts/radio-t-395/			/p/2014/06/07/podcast-395/;
	/podcasts/radio-t-394/			/p/2014/05/31/podcast-394/;
	/podcasts/radio-t-393/			/p/2014/05/24/podcast-393/;
	/podcasts/radio-t-392/			/p/2014/05/17/podcast-392/;
	/podcasts/radio-t-391/			/p/2014/05/10/podcast-391/;
	/podcasts/radio-t-390/			/p/2014/05/03/podcast-390/;
	/podcasts/radio-t-389/			/p/2014/04/26/podcast-389/;
	/podcasts/radio-t-388/			/p/2014/04/19/podcast-388/;
	/podcasts/radio-t-387/			/p/2014/04/12/podcast-387/;
	/podcasts/radio-t-386/			/p/2014/04/05/podcast-386/;
	/podcasts/radio-t-385/			/p/2014/03/29/podcast-385/;
	/podcasts/radio-t-384/			/p/2014/03/22/podcast-384/;
	/podcasts/radio-t-383/			/p/2014/03/15/podcast-383/;
	/podcasts/radio-t-382/			/p/2014/03/08/podcast-382/;
	/podcasts/radio-t-381/			/p/2014/03/01/podcast-381/;
	/podcasts/radio-t-380/			/p/2014/02/22/podcast-380/;
	/podcasts/radio-t-379/			/p/2014/02/15/podcast-379/;
	/podcasts/radio-t-378/			/p/2014/02/08/podcast-378/;
	/podcasts/radio-t-377/			/p/2014/02/01/podcast-377/;
	/podcasts/radio-t-376/			/p/2014/01/25/podcast-376/;
	/podcasts/radio-t-375/			/p/2014/01/18/podcast-375/;
	/podcasts/radio-t-374/			/p/2014/01/11/podcast-374/;
	/podcasts/radio-t-373/			/p/2014/01/04/podcast-373/;
	/podcasts/radio-t-372/			/p/2013/12/28/podcast-372/;
	/podcasts/radio-t-371/			/p/2013/12/21/podcast-371/;
	/podcasts/radio-t-370/			/p/2013/12/14/podcast-370/;
	/podcasts/radio-t-369/			/p/2013/12/07/podcast-369/;
	/podcasts/radio-t-368/			/p/2013/11/30/podcast-368/;
	/podcasts/radio-t-367/			/p/2013/11/23/podcast-367/;
	/podcasts/radio-t-366/			/p/2013/11/16/podcast-366/;
	/podcasts/radio-t-365/			/p/2013/11/09/podcast-365/;
	/podcasts/radio-t-364/			/p/2013/11/02/podcast-364/;
	/podcasts/radio-t-363/			/p/2013/10/26/podcast-363/;
	/podcasts/radio-t-362/			/p/2013/10/19/podcast-362/;
	/podcasts/radio-t-361/			/p/2013/10/12/podcast-361/;
	/podcasts/radio-t-360/			/p/2013/10/05/podcast-360/;
	/podcasts/radio-t-359/			/p/2013/09/28/podcast-359/;
	/podcasts/radio-t-358/			/p/2013/09/21/podcast-358/;
	/podcasts/radio-t-357/			/p/2013/09/14/podcast-357/;
	/podcasts/radio-t-356/			/p/2013/09/07/podcast-356/;
	/podcasts/radio-t-355/			/p/2013/08/31/podcast-355/;
	/podcasts/radio-t-354/			/p/2013/08/24/podcast-354/;
	/podcasts/radio-t-353/			/p/2013/08/17/podcast-353/;
	/podcasts/radio-t-352/			/p/2013/08/10/podcast-352/;
	/podcasts/radio-t-351/			/p/2013/08/03/podcast-351/;
	/podcasts/radio-t-350/			/p/2013/07/27/podcast-350/;
	/podcasts/radio-t-349/			/p/2013/07/20/podcast-349/;
	/podcasts/radio-t-348/			/p/2013/07/13/podcast-348/;
	/podcasts/radio-t-347/			/p/2013/07/06/podcast-347/;
	/podcasts/radio-t-346/			/p/2013/06/29/podcast-346/;
	/podcasts/radio-t-345/			/p/2013/06/22/podcast-345/;
	/podcasts/radio-t-344/			/p/2013/06/08/podcast-344/;
	/podcasts/radio-t-343/			/p/2013/06/01/podcast-343/;
	/podcasts/radio-t-342/			/p/2013/05/25/podcast-342/;
	/podcasts/radio-t-341/			/p/2013/05/18/podcast-341/;
	/podcasts/radio-t-340/			/p/2013/05/11/podcast-340/;
	/podcasts/radio-t-339/			/p/2013/05/04/podcast-339/;
	/podcasts/radio-t-338/			/p/2013/04/27/podcast-338/;
	/podcasts/radio-t-337/			/p/2013/04/20/podcast-337/;
	/podcasts/radio-t-336/			/p/2013/04/13/podcast-336/;
	/podcasts/radio-t-335/			/p/2013/04/06/podcast-335/;
	/podcasts/radio-t-334/			/p/2013/03/30/podcast-334/;
	/podcasts/radio-t-333/			/p/2013/03/23/podcast-333/;
	/podcasts/radio-t-332/			/p/2013/03/16/podcast-332/;
	/podcasts/radio-t-331/			/p/2013/03/09/podcast-331/;
	/podcasts/radio-t-330/			/p/2013/03/02/podcast-330/;
	/podcasts/radio-t-329/			/p/2013/02/23/podcast-329/;
	/podcasts/radio-t-328/			/p/2013/02/16/podcast-328/;
	/podcasts/radio-t-327/			/p/2013/02/09/podcast-327/;
	/podcasts/radio-t-326/			/p/2013/02/02/podcast-326/;
	/podcasts/radio-t-325/			/p/2013/01/26/podcast-325/;
	/podcasts/radio-t-324/			/p/2013/01/19/podcast-324/;
	/podcasts/radio-t-323/			/p/2013/01/12/podcast-323/;
	/podcasts/radio-t-322/			/p/2013/01/05/podcast-322/;
	/podcasts/radio-t-321/			/p/2012/12/29/podcast-321/;
	/podcasts/radio-t-320/			/p/2012/12/22/podcast-320/;
	/podcasts/radio-t-319/			/p/2012/12/15/podcast-319/;
	/podcasts/radio-t-318/			/p/2012/12/08/podcast-318/;
	/podcasts/radio-t-317/			/p/2012/12/01/podcast-317/;
	/podcasts/radio-t-316/			/p/2012/11/24/podcast-316/;
	/podcasts/radio-t-315/			/p/2012/11/17/podcast-315/;
	/podcasts/radio-t-314/			/p/2012/11/10/podcast-314/;
	/podcasts/radio-t-313/			/p/2012/11/03/podcast-313/;
	/podcasts/radio-t-312/			/p/2012/10/27/podcast-312/;
	/podcasts/radio-t-311/			/p/2012/10/20/podcast-311/;
	/podcasts/radio-t-310/			/p/2012/10/13/podcast-310/;
	/podcasts/radio-t-309/			/p/2012/10/06/podcast-309/;
	/podcasts/radio-t-308/			/p/2012/09/29/podcast-308/;
	/podcasts/radio-t-307/			/p/2012/09/22/podcast-307/;
	/podcasts/radio-t-306/			/p/2012/09/15/podcast-306/;
	/podcasts/radio-t-305/			/p/2012/09/08/podcast-305/;
	/podcasts/radio-t-304/			/p/2012/09/01/podcast-304/;
	/podcasts/radio-t-303/			/p/2012/08/25/podcast-303/;
	/podcasts/radio-t-302/			/p/2012/08/18/podcast-302/;
	/podcasts/radio-t-301/			/p/2012/08/11/podcast-301/;
	/podcasts/radio-t-300/			/p/2012/08/04/podcast-300/;
	/podcasts/radio-t-299/			/p/2012/07/28/podcast-299/;
	/podcasts/radio-t-298/			/p/2012/07/21/podcast-298/;
	/podcasts/radio-t-297/			/p/2012/07/14/podcast-297/;
	/podcasts/radio-t-296/			/p/2012/07/07/podcast-296/;
	/podcasts/radio-t-295/			/p/2012/07/01/podcast-295/;
	/podcasts/radio-t-294/			/p/2012/06/23/podcast-294/;
	/podcasts/radio-t-293/			/p/2012/06/16/podcast-293/;
	/podcasts/radio-t-292/			/p/2012/06/10/podcast-292/;
	/podcasts/radio-t-291/			/p/2012/06/03/podcast-291/;
	/podcasts/radio-t-290/			/p/2012/05/27/podcast-290/;
	/podcasts/radio-t-289/			/p/2012/05/20/podcast-289/;
	/podcasts/radio-t-288/			/p/2012/05/13/podcast-288/;
	/podcasts/radio-t-287/			/p/2012/05/06/podcast-287/;
	/podcasts/radio-t-286/			/p/2012/04/29/podcast-286/;
	/podcasts/radio-t-285/			/p/2012/04/22/podcast-285/;
	/podcasts/radio-t-284/			/p/2012/04/15/podcast-284/;
	/podcasts/radio-t-283/			/p/2012/04/08/podcast-283/;
	/podcasts/radio-t-282/			/p/2012/04/01/podcast-282/;
	/podcasts/radio-t-281/			/p/2012/03/25/podcast-281/;
	/podcasts/radio-t-280/			/p/2012/03/18/podcast-280/;
	/podcasts/radio-t-279/			/p/2012/03/11/podcast-279/;
	/podcasts/radio-t-278/			/p/2012/03/04/podcast-278/;
	/podcasts/radio-t-277/			/p/2012/02/26/podcast-277/;
	/podcasts/radio-t-276/			/p/2012/02/12/podcast-276/;
	/podcasts/radio-t-275/			/p/2012/02/05/podcast-275/;
	/podcasts/radio-t-274/			/p/2012/01/29/podcast-274/;
	/podcasts/radio-t-273/			/p/2012/01/22/podcast-273/;
	/podcasts/radio-t-272/			/p/2012/01/15/podcast-272/;
	/podcasts/radio-t-271/			/p/2012/01/08/podcast-271/;
	/podcasts/radio-t-270/			/p/2011/12/31/podcast-270/;
	/podcasts/radio-t-269/			/p/2011/12/25/podcast-269/;
	/podcasts/radio-t-268/			/p/2011/12/18/podcast-268/;
	/podcasts/radio-t-267/			/p/2011/12/11/podcast-267/;
	/podcasts/radio-t-266/			/p/2011/12/04/podcast-266/;
	/podcasts/radio-t-265/			/p/2011/11/27/podcast-265/;
	/podcasts/radio-t-264/			/p/2011/11/20/podcast-264/;
	/podcasts/radio-t-263/			/p/2011/11/13/podcast-263/;
	/podcasts/radio-t-262/			/p/2011/11/06/podcast-262/;
	/podcasts/radio-t-261/			/p/2011/10/30/podcast-261/;
	/podcasts/radio-t-260/			/p/2011/10/23/podcast-260/;
	/podcasts/radio-t-259/			/p/2011/10/16/podcast-259/;
	/podcasts/radio-t-258/			/p/2011/10/09/podcast-258/;
	/podcasts/radio-t-257/			/p/2011/10/02/podcast-257/;
	/podcasts/radio-t-256/			/p/2011/09/25/podcast-256/;
	/podcasts/radio-t-255/			/p/2011/09/18/podcast-255/;
	/podcasts/radio-t-254/			/p/2011/09/11/podcast-254/;
	/podcasts/radio-t-253/			/p/2011/09/04/podcast-253/;
	/podcasts/radio-t-252/			/p/2011/08/28/podcast-252/;
	/podcasts/radio-t-251/			/p/2011/08/21/podcast-251/;
	/podcasts/radio-t-250/			/p/2011/08/07/podcast-250/;
	/podcasts/radio-t-249/			/p/2011/07/31/podcast-249/;
	/podcasts/radio-t-248/			/p/2011/07/24/podcast-248/;
	/podcasts/radio-t-247/			/p/2011/07/17/podcast-247/;
	/podcasts/radio-t-246/			/p/2011/07/10/podcast-246/;
	/podcasts/radio-t-245/			/p/2011/07/03/podcast-245/;
	/podcasts/radio-t-244/			/p/2011/06/26/podcast-244/;
	/podcasts/radio-t-243/			/p/2011/06/19/podcast-243/;
	/podcasts/radio-t-242/			/p/2011/06/12/podcast-242/;
	/podcasts/radio-t-241/			/p/2011/06/05/podcast-241/;
	/podcasts/radio-t-240/			/p/2011/05/29/podcast-240/;
	/podcasts/radio-t-239/			/p/2011/05/15/podcast-239/;
	/podcasts/radio-t-238/			/p/2011/05/08/podcast-238/;
	/podcasts/radio-t-237/			/p/2011/05/01/podcast-237/;
	/podcasts/radio-t-236/			/p/2011/04/24/podcast-236/;
	/podcasts/radio-t-235/			/p/2011/04/17/podcast-235/;
	/podcasts/radio-t-234/			/p/2011/04/10/podcast-234/;
	/podcasts/radio-t-233/			/p/2011/04/03/podcast-233/;
	/podcasts/radio-t-232/			/p/2011/03/27/podcast-232/;
	/podcasts/radio-t-231/			/p/2011/03/20/podcast-231/;
	/podcasts/radio-t-230/			/p/2011/03/13/podcast-230/;
	/podcasts/radio-t-229/			/p/2011/03/05/podcast-229/;
	/podcasts/radio-t-228/			/p/2011/02/27/podcast-228/;
	/podcasts/radio-t-227/			/p/2011/02/20/podcast-227/;
	/podcasts/radio-t-226/			/p/2011/02/13/podcast-226/;
	/podcasts/radio-t-225/			/p/2011/02/06/podcast-225/;
	/podcasts/radio-t-224/			/p/2011/01/30/podcast-224/;
	/podcasts/radio-t-223/			/p/2011/01/23/podcast-223/;
	/podcasts/radio-t-222/			/p/2011/01/16/podcast-222/;
	/podcasts/radio-t-221/			/p/2011/01/09/podcast-221/;
	/podcasts/radio-t-220/			/p/2011/01/02/podcast-220/;
	/podcasts/radio-t-219/			/p/2010/12/26/podcast-219/;
	/podcasts/radio-t-218/			/p/2010/12/19/podcast-218/;
	/podcasts/radio-t-217/			/p/2010/12/12/podcast-217/;
	/podcasts/radio-t-216/			/p/2010/12/05/podcast-216/;
	/podcasts/radio-t-215/			/p/2010/11/28/podcast-215/;
	/podcasts/radio-t-214/			/p/2010/11/21/podcast-214/;
	/podcasts/radio-t-213/			/p/2010/11/14/podcast-213/;
	/podcasts/radio-t-212/			/p/2010/11/07/podcast-212/;
	/podcasts/radio-t-211/			/p/2010/10/31/podcast-211/;
	/podcasts/radio-t-210/			/p/2010/10/24/podcast-210/;
	/podcasts/radio-t-209/			/p/2010/10/17/podcast-209/;
	/podcasts/radio-t-208/			/p/2010/10/10/podcast-208/;
	/podcasts/radio-t-207/			/p/2010/10/03/podcast-207/;
	/podcasts/radio-t-206/			/p/2010/09/26/podcast-206/;
	/podcasts/radio-t-205/			/p/2010/09/19/podcast-205/;
	/podcasts/radio-t-204/			/p/2010/09/12/podcast-204/;
	/podcasts/radio-t-203/			/p/2010/09/05/podcast-203/;
	/podcasts/radio-t-202/			/p/2010/08/29/podcast-202/;
	/podcasts/radio-t-201/			/p/2010/08/22/podcast-201/;
	/podcasts/radio-t-200/			/p/2010/08/15/podcast-200/;
	/podcasts/radio-t-199/			/p/2010/08/08/podcast-199/;
	/podcasts/radio-t-198/			/p/2010/08/01/podcast-198/;
	/podcasts/radio-t-197/			/p/2010/07/25/podcast-197/;
	/podcasts/radio-t-196/			/p/2010/07/18/podcast-196/;
	/podcasts/radio-t-195/			/p/2010/07/11/podcast-195/;
	/podcasts/radio-t-194/			/p/2010/07/04/podcast-194/;
	/podcasts/radio-t-193/			/p/2010/06/27/podcast-193/;
	/podcasts/radio-t-192/			/p/2010/06/20/podcast-192/;
	/podcasts/radio-t-191/			/p/2010/06/13/podcast-191/;
	/podcasts/radio-t-190/			/p/2010/06/06/podcast-190/;
	/podcasts/radio-t-189/			/p/2010/05/30/podcast-189/;
	/podcasts/radio-t-188/			/p/2010/05/23/podcast-188/;
	/podcasts/radio-t-187/			/p/2010/05/16/podcast-187/;
	/podcasts/radio-t-186/			/p/2010/05/09/podcast-186/;
	/podcasts/radio-t-185/			/p/2010/05/02/podcast-185/;
	/podcasts/radio-t-184/			/p/2010/04/25/podcast-184/;
	/podcasts/radio-t-183/			/p/2010/04/18/podcast-183/;
	/podcasts/radio-t-182/			/p/2010/04/11/podcast-182/;
	/podcasts/radio-t-181/			/p/2010/04/04/podcast-181/;
	/podcasts/radio-t-180/			/p/2010/03/28/podcast-180/;
	/podcasts/radio-t-179/			/p/2010/03/22/podcast-179/;
	/podcasts/radio-t-178/			/p/2010/03/14/podcast-178/;
	/podcasts/radio-t-177/			/p/2010/03/07/podcast-177/;
	/podcasts/radio-t-176/			/p/2010/02/28/podcast-176/;
	/podcasts/radio-t-175/			/p/2010/02/21/podcast-175/;
	/podcasts/radio-t-174/			/p/2010/02/14/podcast-174/;
	/podcasts/radio-t-173/			/p/2010/02/07/podcast-173/;
	/podcasts/radio-t-172/			/p/2010/01/31/podcast-172/;
	/podcasts/radio-t-171/			/p/2010/01/24/podcast-171/;
	/podcasts/radio-t-170/			/p/2010/01/17/podcast-170/;
	/podcasts/radio-t-169/			/p/2010/01/10/podcast-169/;
	/podcasts/radio-t-168/			/p/2010/01/03/podcast-168/;
	/podcasts/radio-t-167/			/p/2009/12/27/podcast-167/;
	/podcasts/radio-t-166/			/p/2009/12/20/podcast-166/;
	/podcasts/radio-t-165/			/p/2009/12/13/podcast-165/;
	/podcasts/radio-t-164/			/p/2009/12/06/podcast-164/;
	/podcasts/radio-t-163/			/p/2009/11/29/podcast-163/;
	/podcasts/radio-t-162/			/p/2009/11/22/podcast-162/;
	/podcasts/radio-t-161/			/p/2009/11/15/podcast-161/;
	/podcasts/radio-t-160/			/p/2009/11/08/podcast-160/;
	/podcasts/radio-t-159/			/p/2009/11/01/podcast-159/;
	/podcasts/radio-t-158/			/p/2009/10/25/podcast-158/;
	/podcasts/radio-t-157/			/p/2009/10/11/podcast-157/;
	/podcasts/radio-t-156/			/p/2009/10/04/podcast-156/;
	/podcasts/radio-t-155/			/p/2009/09/27/podcast-155/;
	/podcasts/radio-t-154/			/p/2009/09/20/podcast-154/;
	/podcasts/radio-t-153/			/p/2009/09/13/podcast-153/;
	/podcasts/radio-t-152/			/p/2009/09/06/podcast-152/;
	/podcasts/radio-t-151/			/p/2009/08/30/podcast-151/;
	/podcasts/radio-t-150/			/p/2009/08/23/podcast-150/;
	/podcasts/radio-t-149/			/p/2009/08/16/podcast-149/;
	/podcasts/radio-t-148/			/p/2009/08/09/podcast-148/;
	/podcasts/radio-t-147/			/p/2009/08/02/podcast-147/;
	/podcasts/radio-t-146/			/p/2009/07/26/podcast-146/;
	/podcasts/radio-t-145/			/p/2009/07/19/podcast-145/;
	/podcasts/radio-t-144/			/p/2009/07/12/podcast-144/;
	/podcasts/radio-t-143/			/p/2009/07/05/podcast-143/;
	/podcasts/radio-t-142/			/p/2009/06/28/podcast-142/;
	/podcasts/radio-t-141/			/p/2009/06/21/podcast-141/;
	/podcasts/radio-t-140/			/p/2009/06/14/podcast-140/;
	/podcasts/radio-t-139/			/p/2009/06/07/podcast-139/;
	/podcasts/radio-t-138/			/p/2009/05/24/podcast-138/;
	/podcasts/radio-t-137/			/p/2009/05/17/podcast-137/;
	/podcasts/radio-t-136/			/p/2009/05/10/podcast-136/;
	/podcasts/radio-t-135/			/p/2009/05/03/podcast-135/;
	/podcasts/radio-t-134/			/p/2009/04/26/podcast-134/;
	/podcasts/radio-t-133/			/p/2009/04/19/podcast-133/;
	/podcasts/radio-t-132/			/p/2009/04/12/podcast-132/;
	/podcasts/radio-t-131/			/p/2009/04/05/podcast-131/;
	/podcasts/radio-t-130/			/p/2009/03/29/podcast-130/;
	/podcasts/radio-t-129/			/p/2009/03/22/podcast-129/;
	/podcasts/radio-t-128/			/p/2009/03/15/podcast-128/;
	/podcasts/radio-t-127/			/p/2009/03/08/podcast-127/;
	/podcasts/radio-t-126/			/p/2009/03/01/podcast-126/;
	/podcasts/radio-t-125/			/p/2009/02/22/podcast-125/;
	/podcasts/radio-t-124/			/p/2009/02/15/podcast-124/;
	/podcasts/radio-t-123/			/p/2009/02/08/podcast-123/;
	/podcasts/radio-t-122/			/p/2009/02/01/podcast-122/;
	/podcasts/radio-t-121/			/p/2009/01/25/podcast-121/;
	/podcasts/radio-t-120/			/p/2009/01/18/podcast-120/;
	/podcasts/radio-t-119/			/p/2009/01/11/podcast-119/;
	/podcasts/radio-t-118/			/p/2008/12/28/podcast-118/;
	/podcasts/radio-t-117/			/p/2008/12/21/podcast-117/;
	/podcasts/radio-t-116/			/p/2008/12/14/podcast-116/;
	/podcasts/radio-t-115/			/p/2008/12/07/podcast-115/;
	/podcasts/radio-t-114/			/p/2008/11/30/podcast-114/;
	/podcasts/radio-t-113/			/p/2008/11/23/podcast-113/;
	/podcasts/radio-t-112/			/p/2008/11/16/podcast-112/;
	/podcasts/radio-t-111/			/p/2008/11/09/podcast-111/;
	/podcasts/radio-t-110/			/p/2008/11/02/podcast-110/;
	/podcasts/radio-t-109/			/p/2008/10/26/podcast-109/;
	/podcasts/radio-t-108/			/p/2008/10/19/podcast-108/;
	/podcasts/radio-t-107/			/p/2008/10/12/podcast-107/;
	/podcasts/radio-t-106/			/p/2008/10/05/podcast-106/;
	/podcasts/radio-t-105/			/p/2008/09/28/podcast-105/;
	/podcasts/radio-t-104/			/p/2008/09/21/podcast-104/;
	/podcasts/radio-t-103/			/p/2008/09/14/podcast-103/;
	/podcasts/radio-t-102/			/p/2008/09/07/podcast-102/;
	/podcasts/radio-t-101/			/p/2008/08/31/podcast-101/;
	/podcasts/radio-t-100/			/p/2008/08/24/podcast-100/;
	/podcasts/radio-t-99/			/p/2008/08/17/podcast-99/;
	/podcasts/radio-t-98/			/p/2008/08/10/podcast-98/;
	/podcasts/radio-t-97/			/p/2008/08/03/podcast-97/;
	/podcasts/radio-t-96/			/p/2008/07/27/podcast-96/;
	/podcasts/radio-t-95/			/p/2008/07/20/podcast-95/;
	/podcasts/radio-t-94/			/p/2008/07/13/podcast-94/;
	/podcasts/radio-t-93/			/p/2008/07/06/podcast-93/;
	/podcasts/radio-t-92/			/p/2008/06/29/podcast-92/;
	/podcasts/radio-t-91/			/p/2008/06/22/podcast-91/;
	/podcasts/radio-t-90/			/p/2008/06/15/podcast-90/;
	/podcasts/radio-t-89/			/p/2008/06/09/podcast-89/;
	/podcasts/radio-t-88/			/p/2008/06/01/podcast-88/;
	/podcasts/radio-t-87/			/p/2008/05/25/podcast-87/;
	/podcasts/radio-t-86/			/p/2008/05/18/podcast-86/;
	/podcasts/radio-t-85/			/p/2008/05/12/podcast-85/;
	/podcasts/radio-t-84/			/p/2008/05/04/podcast-84/;
	/podcasts/radio-t-83/			/p/2008/04/27/podcast-83/;
	/podcasts/radio-t-82/			/p/2008/04/20/podcast-82/;
	/podcasts/radio-t-81/			/p/2008/04/13/podcast-81/;
	/podcasts/radio-t-80/			/p/2008/04/06/podcast-80/;
	/podcasts/radio-t-79/			/p/2008/03/30/podcast-79/;
	/podcasts/radio-t-78/			/p/2008/03/24/podcast-78/;
	/podcasts/radio-t-77/			/p/2008/03/16/podcast-77/;
	/podcasts/radio-t-76/			/p/2008/03/09/podcast-76/;
	/podcasts/radio-t-75/			/p/2008/03/02/podcast-75/;
	/podcasts/radio-t-74/			/p/2008/02/24/podcast-74/;
	/podcasts/radio-t-73/			/p/2008/02/17/podcast-73/;
	/podcasts/radio-t-72/			/p/2008/02/03/podcast-72/;
	/podcasts/radio-t-71/			/p/2008/01/27/podcast-71/;
	/podcasts/radio-t-70/			/p/2008/01/20/podcast-70/;
	/podcasts/radio-t-69/			/p/2008/01/13/podcast-69/;
	/podcasts/radio-t-68/			/p/2008/01/06/podcast-68/;
	/podcasts/radio-t-67/			/p/2007/12/30/podcast-67/;
	/podcasts/radio-t-66/			/p/2007/12/23/podcast-66/;
	/podcasts/radio-t-65/			/p/2007/12/16/podcast-65/;
	/podcasts/radio-t-64/			/p/2007/12/09/podcast-64/;
	/podcasts/radio-t-63/			/p/2007/12/02/podcast-63/;
	/podcasts/radio-t-62/			/p/2007/11/25/podcast-62/;
	/podcasts/radio-t-61/			/p/2007/11/18/podcast-61/;
	/podcasts/radio-t-60/			/p/2007/11/11/podcast-60/;
	/podcasts/radio-t-59/			/p/2007/11/04/podcast-59/;
	/podcasts/radio-t-58/			/p/2007/10/28/podcast-58/;
	/podcasts/radio-t-57/			/p/2007/10/21/podcast-57/;
	/podcasts/radio-t-56/			/p/2007/10/14/podcast-56/;
	/podcasts/radio-t-55/			/p/2007/10/07/podcast-55/;
	/podcasts/radio-t-54/			/p/2007/09/30/podcast-54/;
	/podcasts/radio-t-53/			/p/2007/09/23/podcast-53/;
	/podcasts/radio-t-52/			/p/2007/09/17/podcast-52/;
	/podcasts/radio-t-51/			/p/2007/09/09/podcast-51/;
	/podcasts/radio-t-50/			/p/2007/09/02/podcast-50/;
	/podcasts/radio-t-49/			/p/2007/08/26/podcast-49/;
	/podcasts/radio-t-48/			/p/2007/08/19/podcast-48/;
	/podcasts/radio-t-47/			/p/2007/08/12/podcast-47/;
	/podcasts/radio-t-46/			/p/2007/08/05/podcast-46/;
	/podcasts/radio-t-45/			/p/2007/07/22/podcast-45/;
	/podcasts/radio-t-44/			/p/2007/07/14/podcast-44/;
	/podcasts/radio-t-43/			/p/2007/07/08/podcast-43/;
	/podcasts/radio-t-42/			/p/2007/07/01/podcast-42/;
	/podcasts/radio-t-41/			/p/2007/06/24/podcast-41/;
	/podcasts/radio-t-40/			/p/2007/06/17/podcast-40/;
	/podcasts/radio-t-39/			/p/2007/06/10/podcast-39/;
	/podcasts/radio-t-38/			/p/2007/06/02/podcast-38/;
	/podcasts/radio-t-37/			/p/2007/05/26/podcast-37/;
	/podcasts/radio-t-36/			/p/2007/05/21/podcast-36/;
	/podcasts/radio-t-35/			/p/2007/05/14/podcast-35/;
	/podcasts/radio-t-34/			/p/2007/05/07/podcast-34/;
	/podcasts/radio-t-33/			/p/2007/04/30/podcast-33/;
	/podcasts/radio-t-32/			/p/2007/04/23/podcast-32/;
	/podcasts/radio-t-31/			/p/2007/04/16/podcast-31/;
	/podcasts/radio-t-30/			/p/2007/04/08/podcast-30/;
	/podcasts/radio-t-29/			/p/2007/04/01/podcast-29/;
	/podcasts/radio-t-28/			/p/2007/03/26/podcast-28/;
	/podcasts/radio-t-27/			/p/2007/03/19/podcast-27/;
	/podcasts/radio-t-26/			/p/2007/03/11/podcast-26/;
	/podcasts/radio-t-25/			/p/2007/03/06/podcast-25/;
	/podcasts/radio-t-24/			/p/2007/02/28/podcast-24/;
	/podcasts/radio-t-23/			/p/2007/02/18/podcast-23/;
	/podcasts/radio-t-22/			/p/2007/02/13/podcast-22/;
	/podcasts/radio-t-21/			/p/2007/02/04/podcast-21/;
	/podcasts/radio-t-20/			/p/2007/01/28/podcast-20/;
	/podcasts/radio-t-19/			/p/2007/01/21/podcast-19/;
	/podcasts/radio-t-18/			/p/2007/01/15/podcast-18/;
	/podcasts/radio-t-17/			/p/2007/01/08/podcast-17/;
	/podcasts/radio-t-16/			/p/2006/12/26/podcast-16/;
	/podcasts/radio-t-15/			/p/2006/12/17/podcast-15/;
	/podcasts/radio-t-14/			/p/2006/12/10/podcast-14/;
	/podcasts/radio-t-13/			/p/2006/12/05/podcast-13/;
	/podcasts/radio-t-12/			/p/2006/11/26/podcast-12/;
	/podcasts/radio-t-11/			/p/2006/11/20/podcast-11/;
	/podcasts/radio-t-10/			/p/2006/11/12/podcast-10/;
	/podcasts/radio-t-9/			/p/2006/11/04/podcast-9/;
	/podcasts/radio-t-8/			/p/2006/10/29/podcast-8/;
	/podcasts/radio-t-7/			/p/2006/10/22/podcast-7/;
	/podcasts/radio-t-6/			/p/2006/10/15/podcast-6/;
	/podcasts/radio-t-5/			/p/2006/10/08/podcast-5/;
	/podcasts/radio-t-4/			/p/2006/10/01/podcast-4/;
	/podcasts/radio-t-3/			/p/2006/09/24/podcast-3/;
	/podcasts/radio-t-2/			/p/2006/09/14/podcast-2/;
	/podcasts/radio-t-1/			/p/2006/09/05/podcast-1/;
	/podcasts/radio-t-0/			/p/2006/08/27/podcast-0/;
	/temi_dlja_vipuskov/temyi-dlya-628	/p/2018/12/11/prep-628/;
	/temi_dlja_vipuskov/temyi-dlya-627	/p/2018/12/04/prep-627/;
	/temi_dlja_vipuskov/temyi-dlya-626	/p/2018/11/27/prep-626/;
	/temi_dlja_vipuskov/temyi-dlya-625	/p/2018/11/20/prep-625/;
	/temi_dlja_vipuskov/temyi-dlya-624	/p/2018/11/13/prep-624/;
	/temi_dlja_vipuskov/temyi-dlya-623	/p/2018/11/06/prep-623/;
	/temi_dlja_vipuskov/temyi-dlya-622	/p/2018/10/30/prep-622/;
	/temi_dlja_vipuskov/temyi-dlya-621	/p/2018/10/23/prep-621/;
	/temi_dlja_vipuskov/temyi-dlya-620	/p/2018/10/16/prep-620/;
	/temi_dlja_vipuskov/temyi-dlya-619	/p/2018/10/09/prep-619/;
	/temi_dlja_vipuskov/temyi-dlya-618	/p/2018/10/02/prep-618/;
	/temi_dlja_vipuskov/temyi-dlya-617	/p/2018/09/25/prep-617/;
	/temi_dlja_vipuskov/temyi-dlya-		/p/2018/09/25/prep-/;
	/temi_dlja_vipuskov/temyi-dlya-616	/p/2018/09/18/prep-616/;
	/temi_dlja_vipuskov/temyi-dlya-615	/p/2018/09/11/prep-615/;
	/temi_dlja_vipuskov/temyi-dlya-614	/p/2018/09/04/prep-614/;
	/temi_dlja_vipuskov/temyi-dlya-613	/p/2018/08/28/prep-613/;
	/temi_dlja_vipuskov/temyi-dlya-612	/p/2018/08/22/prep-612/;
	/temi_dlja_vipuskov/temyi-dlya-611	/p/2018/08/14/prep-611/;
	/temi_dlja_vipuskov/temyi-dlya-610	/p/2018/08/07/prep-610/;
	/temi_dlja_vipuskov/temyi-dlya-609	/p/2018/07/31/prep-609/;
	/temi_dlja_vipuskov/temyi-dlya-608	/p/2018/07/24/prep-608/;
	/temi_dlja_vipuskov/temyi-dlya-607	/p/2018/07/17/prep-607/;
	/temi_dlja_vipuskov/temyi-dlya-606	/p/2018/07/10/prep-606/;
	/temi_dlja_vipuskov/temyi-dlya-605	/p/2018/07/03/prep-605/;
	/temi_dlja_vipuskov/temyi-dlya-604	/p/2018/06/26/prep-604/;
	/temi_dlja_vipuskov/temyi-dlya-603	/p/2018/06/19/prep-603/;
	/temi_dlja_vipuskov/temyi-dlya-602	/p/2018/06/12/prep-602/;
	/temi_dlja_vipuskov/temyi-dlya-601	/p/2018/06/05/prep-601/;
	/temi_dlja_vipuskov/temyi-dlya-600	/p/2018/05/29/prep-600/;
	/temi_dlja_vipuskov/temyi-dlya-599	/p/2018/05/22/prep-599/;
	/temi_dlja_vipuskov/temyi-dlya-598	/p/2018/05/15/prep-598/;
	/temi_dlja_vipuskov/temyi-dlya-597	/p/2018/05/08/prep-597/;
	/temi_dlja_vipuskov/temyi-dlya-596	/p/2018/05/01/prep-596/;
	/temi_dlja_vipuskov/temyi-dlya-595	/p/2018/04/24/prep-595/;
	/temi_dlja_vipuskov/temyi-dlya-594	/p/2018/04/17/prep-594/;
	/temi_dlja_vipuskov/temyi-dlya-593	/p/2018/04/10/prep-593/;
	/temi_dlja_vipuskov/temyi-dlya-592	/p/2018/04/03/prep-592/;
	/temi_dlja_vipuskov/temyi-dlya-591	/p/2018/03/27/prep-591/;
	/temi_dlja_vipuskov/temyi-dlya-590	/p/2018/03/20/prep-590/;
	/temi_dlja_vipuskov/temyi-dlya-589	/p/2018/03/13/prep-589/;
	/temi_dlja_vipuskov/temyi-dlya-588	/p/2018/03/07/prep-588/;
	/temi_dlja_vipuskov/temyi-dlya-587	/p/2018/02/27/prep-587/;
	/temi_dlja_vipuskov/temyi-dlya-586	/p/2018/02/24/prep-586/;
	/temi_dlja_vipuskov/temyi-dlya-586	/p/2018/02/20/prep-586/;
	/temi_dlja_vipuskov/temyi-dlya-585	/p/2018/02/13/prep-585/;
	/temi_dlja_vipuskov/temyi-dlya-584	/p/2018/02/06/prep-584/;
	/temi_dlja_vipuskov/temyi-dlya-583	/p/2018/01/30/prep-583/;
	/temi_dlja_vipuskov/temyi-dlya-582	/p/2018/01/23/prep-582/;
	/temi_dlja_vipuskov/temyi-dlya-581	/p/2018/01/16/prep-581/;
	/temi_dlja_vipuskov/temyi-dlya-580	/p/2018/01/09/prep-580/;
	/temi_dlja_vipuskov/temyi-dlya-579	/p/2018/01/02/prep-579/;
	/temi_dlja_vipuskov/temyi-dlya-578	/p/2017/12/26/prep-578/;
	/temi_dlja_vipuskov/temyi-dlya-577	/p/2017/12/19/prep-577/;
	/temi_dlja_vipuskov/temyi-dlya-576	/p/2017/12/12/prep-576/;
	/temi_dlja_vipuskov/temyi-dlya-575	/p/2017/12/05/prep-575/;
	/temi_dlja_vipuskov/temyi-dlya-574	/p/2017/11/28/prep-574/;
	/temi_dlja_vipuskov/temyi-dlya-573	/p/2017/11/21/prep-573/;
	/temi_dlja_vipuskov/temyi-dlya-572	/p/2017/11/14/prep-572/;
	/temi_dlja_vipuskov/temyi-dlya-571	/p/2017/11/07/prep-571/;
	/temi_dlja_vipuskov/temyi-dlya-570	/p/2017/10/31/prep-570/;
	/temi_dlja_vipuskov/temyi-dlya-569	/p/2017/10/25/prep-569/;
	/temi_dlja_vipuskov/temyi-dlya-568	/p/2017/10/17/prep-568/;
	/temi_dlja_vipuskov/temyi-dlya-567	/p/2017/10/10/prep-567/;
	/temi_dlja_vipuskov/temyi-dlya-566	/p/2017/10/03/prep-566/;
	/temi_dlja_vipuskov/temyi-dlya-565	/p/2017/09/26/prep-565/;
	/temi_dlja_vipuskov/temyi-dlya-564	/p/2017/09/19/prep-564/;
	/temi_dlja_vipuskov/temyi-dlya-563	/p/2017/09/12/prep-563/;
	/temi_dlja_vipuskov/temyi-dlya-562	/p/2017/09/05/prep-562/;
	/temi_dlja_vipuskov/temyi-dlya-561	/p/2017/08/29/prep-561/;
	/temi_dlja_vipuskov/temyi-dlya-560	/p/2017/08/22/prep-560/;
	/temi_dlja_vipuskov/temyi-dlya-559	/p/2017/08/15/prep-559/;
	/temi_dlja_vipuskov/temyi-dlya-558	/p/2017/08/08/prep-558/;
	/temi_dlja_vipuskov/temyi-dlya-557	/p/2017/08/01/prep-557/;
	/temi_dlja_vipuskov/temyi-dlya-556	/p/2017/07/26/prep-556/;
	/temi_dlja_vipuskov/temyi-dlya-555	/p/2017/07/18/prep-555/;
	/temi_dlja_vipuskov/temyi-dlya-554	/p/2017/07/11/prep-554/;
	/temi_dlja_vipuskov/temyi-dlya-553	/p/2017/07/04/prep-553/;
	/temi_dlja_vipuskov/temyi-dlya-552	/p/2017/06/27/prep-552/;
	/temi_dlja_vipuskov/temyi-dlya-551	/p/2017/06/20/prep-551/;
	/temi_dlja_vipuskov/temyi-dlya-550	/p/2017/06/13/prep-550/;
	/temi_dlja_vipuskov/temyi-dlya-549	/p/2017/06/06/prep-549/;
	/temi_dlja_vipuskov/temyi-dlya-548	/p/2017/05/30/prep-548/;
	/temi_dlja_vipuskov/temyi-dlya-547	/p/2017/05/23/prep-547/;
	/temi_dlja_vipuskov/temyi-dlya-546	/p/2017/05/16/prep-546/;
	/temi_dlja_vipuskov/temyi-dlya-545	/p/2017/05/09/prep-545/;
	/temi_dlja_vipuskov/temyi-dlya-544	/p/2017/05/02/prep-544/;
	/temi_dlja_vipuskov/temyi-dlya-543	/p/2017/04/25/prep-543/;
	/temi_dlja_vipuskov/temyi-dlya-542	/p/2017/04/18/prep-542/;
	/temi_dlja_vipuskov/temyi-dlya-541	/p/2017/04/11/prep-541/;
	/temi_dlja_vipuskov/temyi-dlya-540	/p/2017/03/28/prep-540/;
	/temi_dlja_vipuskov/temyi-dlya-539	/p/2017/03/21/prep-539/;
	/temi_dlja_vipuskov/temyi-dlya-538	/p/2017/03/14/prep-538/;
	/temi_dlja_vipuskov/temyi-dlya-537	/p/2017/03/07/prep-537/;
	/temi_dlja_vipuskov/temyi-dlya-536	/p/2017/02/28/prep-536/;
	/temi_dlja_vipuskov/temyi-dlya-535	/p/2017/02/21/prep-535/;
	/temi_dlja_vipuskov/temyi-dlya-534	/p/2017/02/14/prep-534/;
	/temi_dlja_vipuskov/temyi-dlya-533	/p/2017/02/07/prep-533/;
	/temi_dlja_vipuskov/temyi-dlya-532	/p/2017/01/31/prep-532/;
	/temi_dlja_vipuskov/temyi-dlya-531	/p/2017/01/24/prep-531/;
	/temi_dlja_vipuskov/temyi-dlya-530	/p/2017/01/16/prep-530/;
	/temi_dlja_vipuskov/temyi-dlya-529	/p/2017/01/10/prep-529/;
	/temi_dlja_vipuskov/temyi-dlya-528	/p/2016/12/27/prep-528/;
	/temi_dlja_vipuskov/temyi-dlya-527	/p/2016/12/20/prep-527/;
	/temi_dlja_vipuskov/temyi-dlya-526	/p/2016/12/13/prep-526/;
	/temi_dlja_vipuskov/temyi-dlya-525	/p/2016/12/06/prep-525/;
	/temi_dlja_vipuskov/temyi-dlya-524	/p/2016/11/29/prep-524/;
	/temi_dlja_vipuskov/temyi-dlya-523	/p/2016/11/22/prep-523/;
	/temi_dlja_vipuskov/temyi-dlya-522	/p/2016/11/15/prep-522/;
	/temi_dlja_vipuskov/temyi-dlya-521	/p/2016/11/08/prep-521/;
	/temi_dlja_vipuskov/temyi-dlya-520	/p/2016/11/01/prep-520/;
	/temi_dlja_vipuskov/temyi-dlya-519	/p/2016/10/25/prep-519/;
	/temi_dlja_vipuskov/temyi-dlya-518	/p/2016/10/18/prep-518/;
	/temi_dlja_vipuskov/temyi-dlya-517	/p/2016/10/12/prep-517/;
	/temi_dlja_vipuskov/temyi-dlya-516	/p/2016/10/04/prep-516/;
	/temi_dlja_vipuskov/temyi-dlya-515	/p/2016/09/27/prep-515/;
	/temi_dlja_vipuskov/temyi-dlya-514	/p/2016/09/20/prep-514/;
	/temi_dlja_vipuskov/temyi-dlya-513	/p/2016/09/13/prep-513/;
	/temi_dlja_vipuskov/temyi-dlya-512	/p/2016/09/06/prep-512/;
	/temi_dlja_vipuskov/temyi-dlya-511	/p/2016/08/30/prep-511/;
	/temi_dlja_vipuskov/temyi-dlya-510	/p/2016/08/23/prep-510/;
	/temi_dlja_vipuskov/temyi-dlya-509	/p/2016/08/16/prep-509/;
	/temi_dlja_vipuskov/temyi-dlya-10y	/p/2016/08/16/prep-10y/;
	/temi_dlja_vipuskov/temyi-dlya-508	/p/2016/08/09/prep-508/;
	/temi_dlja_vipuskov/temyi-dlya-507	/p/2016/08/02/prep-507/;
	/temi_dlja_vipuskov/temyi-dlya-506	/p/2016/07/26/prep-506/;
	/temi_dlja_vipuskov/temyi-dlya-505	/p/2016/07/19/prep-505/;
	/temi_dlja_vipuskov/temyi-dlya-504	/p/2016/07/12/prep-504/;
	/temi_dlja_vipuskov/temyi-dlya-503	/p/2016/07/05/prep-503/;
	/temi_dlja_vipuskov/temyi-dlya-502	/p/2016/06/28/prep-502/;
	/temi_dlja_vipuskov/temyi-dlya-501	/p/2016/06/21/prep-501/;
	/temi_dlja_vipuskov/temyi-dlya-500	/p/2016/06/14/prep-500/;
	/temi_dlja_vipuskov/temyi-dlya-499	/p/2016/06/07/prep-499/;
	/temi_dlja_vipuskov/temyi-dlya-498	/p/2016/05/31/prep-498/;
	/temi_dlja_vipuskov/temyi-dlya-497	/p/2016/05/24/prep-497/;
	/temi_dlja_vipuskov/temyi-dlya-496	/p/2016/05/17/prep-496/;
	/temi_dlja_vipuskov/temyi-dlya-495	/p/2016/05/10/prep-495/;
	/temi_dlja_vipuskov/temyi-dlya-494	/p/2016/05/03/prep-494/;
	/temi_dlja_vipuskov/temyi-dlya-493	/p/2016/04/26/prep-493/;
	/temi_dlja_vipuskov/temyi-dlya-492	/p/2016/04/12/prep-492/;
	/temi_dlja_vipuskov/temyi-dlya-491	/p/2016/04/05/prep-491/;
	/temi_dlja_vipuskov/temyi-dlya-490	/p/2016/03/29/prep-490/;
	/temi_dlja_vipuskov/temyi-dlya-489	/p/2016/03/22/prep-489/;
	/temi_dlja_vipuskov/temyi-dlya-488	/p/2016/03/15/prep-488/;
	/temi_dlja_vipuskov/temyi-dlya-487	/p/2016/03/08/prep-487/;
	/temi_dlja_vipuskov/temyi-dlya-486	/p/2016/03/01/prep-486/;
	/temi_dlja_vipuskov/temyi-dlya-485	/p/2016/02/23/prep-485/;
	/temi_dlja_vipuskov/temyi-dlya-484	/p/2016/02/16/prep-484/;
	/temi_dlja_vipuskov/temyi-dlya-483	/p/2016/02/09/prep-483/;
	/temi_dlja_vipuskov/temyi-dlya-482	/p/2016/01/31/prep-482/;
	/temi_dlja_vipuskov/temyi-dlya-481	/p/2016/01/26/prep-481/;
	/temi_dlja_vipuskov/temyi-dlya-480	/p/2016/01/19/prep-480/;
	/temi_dlja_vipuskov/temyi-dlya-479	/p/2016/01/12/prep-479/;
	/temi_dlja_vipuskov/temyi-dlya-478	/p/2016/01/05/prep-478/;
	/temi_dlja_vipuskov/temyi-dlya-477	/p/2015/12/29/prep-477/;
	/temi_dlja_vipuskov/temyi-dlya-476	/p/2015/12/22/prep-476/;
	/temi_dlja_vipuskov/temyi-dlya-475	/p/2015/12/15/prep-475/;
	/temi_dlja_vipuskov/temyi-dlya-474	/p/2015/12/08/prep-474/;
	/temi_dlja_vipuskov/temyi-dlya-473	/p/2015/12/01/prep-473/;
	/temi_dlja_vipuskov/temyi-dlya-472	/p/2015/11/24/prep-472/;
	/temi_dlja_vipuskov/temyi-dlya-471	/p/2015/11/17/prep-471/;
	/temi_dlja_vipuskov/temyi-dlya-470	/p/2015/11/10/prep-470/;
	/temi_dlja_vipuskov/temyi-dlya-469	/p/2015/11/03/prep-469/;
	/temi_dlja_vipuskov/temyi-dlya-468	/p/2015/10/27/prep-468/;
	/temi_dlja_vipuskov/temyi-dlya-467	/p/2015/10/20/prep-467/;
	/temi_dlja_vipuskov/temyi-dlya-466	/p/2015/10/13/prep-466/;
	/temi_dlja_vipuskov/temyi-dlya-465	/p/2015/10/06/prep-465/;
	/temi_dlja_vipuskov/temyi-dlya-464	/p/2015/09/29/prep-464/;
	/temi_dlja_vipuskov/temyi-dlya-463	/p/2015/09/22/prep-463/;
	/temi_dlja_vipuskov/temyi-dlya-462	/p/2015/09/15/prep-462/;
	/temi_dlja_vipuskov/temyi-dlya-461	/p/2015/09/08/prep-461/;
	/temi_dlja_vipuskov/temyi-dlya-460	/p/2015/09/01/prep-460/;
	/temi_dlja_vipuskov/temyi-dlya-459	/p/2015/08/25/prep-459/;
	/temi_dlja_vipuskov/temyi-dlya-458	/p/2015/08/17/prep-458/;
	/temi_dlja_vipuskov/temyi-dlya-457	/p/2015/08/11/prep-457/;
	/temi_dlja_vipuskov/temyi-dlya-456	/p/2015/08/04/prep-456/;
	/temi_dlja_vipuskov/temyi-dlya-455	/p/2015/07/28/prep-455/;
	/temi_dlja_vipuskov/temyi-dlya-454	/p/2015/07/21/prep-454/;
	/temi_dlja_vipuskov/temyi-dlya-453	/p/2015/07/14/prep-453/;
	/temi_dlja_vipuskov/temyi-dlya-452	/p/2015/07/07/prep-452/;
	/temi_dlja_vipuskov/temyi-dlya-451	/p/2015/06/30/prep-451/;
	/temi_dlja_vipuskov/temyi-dlya-450	/p/2015/06/23/prep-450/;
	/temi_dlja_vipuskov/temyi-dlya-449	/p/2015/06/16/prep-449/;
	/temi_dlja_vipuskov/temyi-dlya-448	/p/2015/06/09/prep-448/;
	/temi_dlja_vipuskov/temyi-dlya-447	/p/2015/06/02/prep-447/;
	/temi_dlja_vipuskov/temyi-dlya-446	/p/2015/05/26/prep-446/;
	/temi_dlja_vipuskov/temyi-dlya-445	/p/2015/05/19/prep-445/;
	/temi_dlja_vipuskov/temyi-dlya-444	/p/2015/05/12/prep-444/;
	/temi_dlja_vipuskov/temyi-dlya-443	/p/2015/05/05/prep-443/;
	/temi_dlja_vipuskov/temyi-dlya-442	/p/2015/04/28/prep-442/;
	/temi_dlja_vipuskov/temyi-dlya-441	/p/2015/04/21/prep-441/;
	/temi_dlja_vipuskov/temyi-dlya-440	/p/2015/04/14/prep-440/;
	/temi_dlja_vipuskov/temyi-dlya-439	/p/2015/04/07/prep-439/;
	/temi_dlja_vipuskov/temyi-dlya-438	/p/2015/03/31/prep-438/;
	/temi_dlja_vipuskov/temyi-dlya-437	/p/2015/03/24/prep-437/;
	/temi_dlja_vipuskov/temyi-dlya-436	/p/2015/03/17/prep-436/;
	/temi_dlja_vipuskov/temyi-dlya-435	/p/2015/03/09/prep-435/;
	/temi_dlja_vipuskov/temyi-dlya-434	/p/2015/03/03/prep-434/;
	/temi_dlja_vipuskov/temyi-dlya-433	/p/2015/02/24/prep-433/;
	/temi_dlja_vipuskov/temyi-dlya-432	/p/2015/02/17/prep-432/;
	/temi_dlja_vipuskov/temyi-dlya-431	/p/2015/02/10/prep-431/;
	/temi_dlja_vipuskov/temyi-dlya-430	/p/2015/02/03/prep-430/;
	/temi_dlja_vipuskov/temyi-dlya-429	/p/2015/01/27/prep-429/;
	/temi_dlja_vipuskov/temyi-dlya-428	/p/2015/01/20/prep-428/;
	/temi_dlja_vipuskov/temyi-dlya-427	/p/2015/01/13/prep-427/;
	/temi_dlja_vipuskov/temyi-dlya-426	/p/2015/01/06/prep-426/;
	/temi_dlja_vipuskov/temyi-dlya-425	/p/2014/12/30/prep-425/;
	/temi_dlja_vipuskov/temyi-dlya-424	/p/2014/12/23/prep-424/;
	/temi_dlja_vipuskov/temyi-dlya-423	/p/2014/12/16/prep-423/;
	/temi_dlja_vipuskov/temyi-dlya-422	/p/2014/12/09/prep-422/;
	/temi_dlja_vipuskov/temyi-dlya-421	/p/2014/12/01/prep-421/;
	/temi_dlja_vipuskov/temyi-dlya-420	/p/2014/11/25/prep-420/;
	/temi_dlja_vipuskov/temyi-dlya-419	/p/2014/11/18/prep-419/;
	/temi_dlja_vipuskov/temyi-dlya-418	/p/2014/11/11/prep-418/;
	/temi_dlja_vipuskov/temyi-dlya-417	/p/2014/11/04/prep-417/;
	/temi_dlja_vipuskov/temyi-dlya-416	/p/2014/10/28/prep-416/;
	/temi_dlja_vipuskov/temyi-dlya-415	/p/2014/10/20/prep-415/;
	/temi_dlja_vipuskov/temyi-dlya-414	/p/2014/10/14/prep-414/;
	/temi_dlja_vipuskov/temyi-dlya-413	/p/2014/10/07/prep-413/;
	/temi_dlja_vipuskov/temyi-dlya-412	/p/2014/09/30/prep-412/;
	/temi_dlja_vipuskov/temyi-dlya-411	/p/2014/09/23/prep-411/;
	/temi_dlja_vipuskov/temyi-dlya-410	/p/2014/09/15/prep-410/;
	/temi_dlja_vipuskov/temyi-dlya-409	/p/2014/09/09/prep-409/;
	/temi_dlja_vipuskov/temyi-dlya-408	/p/2014/09/02/prep-408/;
	/temi_dlja_vipuskov/temyi-dlya-407	/p/2014/08/26/prep-407/;
	/temi_dlja_vipuskov/temyi-dlya-406	/p/2014/08/19/prep-406/;
	/temi_dlja_vipuskov/temyi-dlya-405	/p/2014/08/12/prep-405/;
	/temi_dlja_vipuskov/temyi-dlya-404	/p/2014/08/05/prep-404/;
	/temi_dlja_vipuskov/temyi-dlya-403	/p/2014/07/28/prep-403/;
	/temi_dlja_vipuskov/temyi-dlya-402	/p/2014/07/22/prep-402/;
	/temi_dlja_vipuskov/temyi-dlya-401	/p/2014/07/15/prep-401/;
	/temi_dlja_vipuskov/temyi-dlya-400	/p/2014/07/08/prep-400/;
	/temi_dlja_vipuskov/temyi-dlya-399	/p/2014/07/01/prep-399/;
	/temi_dlja_vipuskov/temyi-dlya-398	/p/2014/06/24/prep-398/;
	/temi_dlja_vipuskov/temyi-dlya-397	/p/2014/06/17/prep-397/;
	/temi_dlja_vipuskov/temyi-dlya-396	/p/2014/06/10/prep-396/;
	/temi_dlja_vipuskov/temyi-dlya-395	/p/2014/06/03/prep-395/;
	/temi_dlja_vipuskov/temyi-dlya-394	/p/2014/05/27/prep-394/;
	/temi_dlja_vipuskov/temyi-dlya-393	/p/2014/05/20/prep-393/;
	/temi_dlja_vipuskov/temyi-dlya-392	/p/2014/05/13/prep-392/;
	/temi_dlja_vipuskov/temyi-dlya-391	/p/2014/05/06/prep-391/;
	/temi_dlja_vipuskov/temyi-dlya-390	/p/2014/04/29/prep-390/;
	/temi_dlja_vipuskov/temyi-dlya-389	/p/2014/04/22/prep-389/;
	/temi_dlja_vipuskov/temyi-dlya-388	/p/2014/04/15/prep-388/;
	/temi_dlja_vipuskov/temyi-dlya-387	/p/2014/04/08/prep-387/;
	/temi_dlja_vipuskov/temyi-dlya-386	/p/2014/04/01/prep-386/;
	/temi_dlja_vipuskov/temyi-dlya-385	/p/2014/03/25/prep-385/;
	/temi_dlja_vipuskov/temyi-dlya-384	/p/2014/03/18/prep-384/;
	/temi_dlja_vipuskov/temyi-dlya-383	/p/2014/03/11/prep-383/;
	/temi_dlja_vipuskov/temyi-dlya-382	/p/2014/03/04/prep-382/;
	/temi_dlja_vipuskov/temyi-dlya-381	/p/2014/02/25/prep-381/;
	/temi_dlja_vipuskov/temyi-dlya-380	/p/2014/02/18/prep-380/;
	/temi_dlja_vipuskov/temyi-dlya-379	/p/2014/02/11/prep-379/;
	/temi_dlja_vipuskov/temyi-dlya-378	/p/2014/02/04/prep-378/;
	/temi_dlja_vipuskov/temyi-dlya-377	/p/2014/01/27/prep-377/;
	/temi_dlja_vipuskov/temyi-dlya-376	/p/2014/01/20/prep-376/;
	/temi_dlja_vipuskov/temyi-dlya-375	/p/2014/01/14/prep-375/;
	/temi_dlja_vipuskov/temyi-dlya-374	/p/2014/01/07/prep-374/;
	/temi_dlja_vipuskov/temyi-dlya-373	/p/2013/12/31/prep-373/;
	/temi_dlja_vipuskov/temyi-dlya-372	/p/2013/12/24/prep-372/;
	/temi_dlja_vipuskov/temyi-dlya-371	/p/2013/12/17/prep-371/;
	/temi_dlja_vipuskov/temyi-dlya-370	/p/2013/12/10/prep-370/;
	/temi_dlja_vipuskov/temyi-dlya-369	/p/2013/12/03/prep-369/;
	/temi_dlja_vipuskov/temyi-dlya-368	/p/2013/11/26/prep-368/;
	/temi_dlja_vipuskov/temyi-dlya-367	/p/2013/11/19/prep-367/;
	/temi_dlja_vipuskov/temyi-dlya-366	/p/2013/11/12/prep-366/;
	/temi_dlja_vipuskov/temyi-dlya-365	/p/2013/11/05/prep-365/;
	/temi_dlja_vipuskov/temyi-dlya-364	/p/2013/10/29/prep-364/;
	/temi_dlja_vipuskov/temyi-dlya-363	/p/2013/10/21/prep-363/;
	/temi_dlja_vipuskov/temyi-dlya-362	/p/2013/10/15/prep-362/;
	/temi_dlja_vipuskov/temyi-dlya-361	/p/2013/10/08/prep-361/;
	/temi_dlja_vipuskov/temyi-dlya-360	/p/2013/10/01/prep-360/;
	/temi_dlja_vipuskov/temyi-dlya-359	/p/2013/09/24/prep-359/;
	/temi_dlja_vipuskov/temyi-dlya-358	/p/2013/09/17/prep-358/;
	/temi_dlja_vipuskov/temyi-dlya-357	/p/2013/09/10/prep-357/;
	/temi_dlja_vipuskov/temyi-dlya-356	/p/2013/09/04/prep-356/;
	/temi_dlja_vipuskov/temyi-dlya-355	/p/2013/08/27/prep-355/;
	/temi_dlja_vipuskov/temyi-dlya-354	/p/2013/08/20/prep-354/;
	/temi_dlja_vipuskov/temyi-dlya-353	/p/2013/08/13/prep-353/;
	/temi_dlja_vipuskov/temyi-dlya-352	/p/2013/08/06/prep-352/;
	/temi_dlja_vipuskov/temyi-dlya-351	/p/2013/07/30/prep-351/;
	/temi_dlja_vipuskov/temyi-dlya-350	/p/2013/07/23/prep-350/;
	/temi_dlja_vipuskov/temyi-dlya-349	/p/2013/07/16/prep-349/;
	/temi_dlja_vipuskov/temyi-dlya-348	/p/2013/07/09/prep-348/;
	/temi_dlja_vipuskov/temyi-dlya-347	/p/2013/07/02/prep-347/;
	/temi_dlja_vipuskov/temyi-dlya-346	/p/2013/06/25/prep-346/;
	/temi_dlja_vipuskov/temyi-dlya-345	/p/2013/06/11/prep-345/;
	/temi_dlja_vipuskov/temyi-dlya-344	/p/2013/06/04/prep-344/;
	/temi_dlja_vipuskov/temyi-dlya-343	/p/2013/05/28/prep-343/;
	/temi_dlja_vipuskov/temyi-dlya-342	/p/2013/05/21/prep-342/;
	/temi_dlja_vipuskov/temyi-dlya-341	/p/2013/05/14/prep-341/;
	/temi_dlja_vipuskov/temyi-dlya-340	/p/2013/05/07/prep-340/;
	/temi_dlja_vipuskov/temyi-dlya-339	/p/2013/04/30/prep-339/;
	/temi_dlja_vipuskov/temyi-dlya-338	/p/2013/04/23/prep-338/;
	/temi_dlja_vipuskov/temyi-dlya-337	/p/2013/04/16/prep-337/;
	/temi_dlja_vipuskov/temyi-dlya-336	/p/2013/04/09/prep-336/;
	/temi_dlja_vipuskov/temyi-dlya-335	/p/2013/04/02/prep-335/;
	/temi_dlja_vipuskov/temyi-dlya-334	/p/2013/03/25/prep-334/;
	/temi_dlja_vipuskov/temyi-dlya-333	/p/2013/03/19/prep-333/;
	/temi_dlja_vipuskov/temyi-dlya-332	/p/2013/03/12/prep-332/;
	/temi_dlja_vipuskov/temyi-dlya-331	/p/2013/03/04/prep-331/;
	/temi_dlja_vipuskov/temyi-dlya-330	/p/2013/02/26/prep-330/;
	/temi_dlja_vipuskov/temyi-dlya-329	/p/2013/02/19/prep-329/;
	/temi_dlja_vipuskov/temyi-dlya-328	/p/2013/02/12/prep-328/;
	/temi_dlja_vipuskov/temyi-dlya-327	/p/2013/02/05/prep-327/;
	/temi_dlja_vipuskov/temyi-dlya-326	/p/2013/01/29/prep-326/;
	/temi_dlja_vipuskov/temyi-dlya-325	/p/2013/01/22/prep-325/;
	/temi_dlja_vipuskov/temyi-dlya-324	/p/2013/01/15/prep-324/;
	/temi_dlja_vipuskov/temyi-dlya-323	/p/2013/01/07/prep-323/;
	/temi_dlja_vipuskov/temyi-dlya-322	/p/2013/01/01/prep-322/;
	/temi_dlja_vipuskov/temyi-dlya-321	/p/2012/12/24/prep-321/;
	/temi_dlja_vipuskov/temyi-dlya-320	/p/2012/12/18/prep-320/;
	/temi_dlja_vipuskov/temyi-dlya-319	/p/2012/12/11/prep-319/;
	/temi_dlja_vipuskov/temyi-dlya-318	/p/2012/12/04/prep-318/;
	/temi_dlja_vipuskov/temyi-dlya-317	/p/2012/11/27/prep-317/;
	/temi_dlja_vipuskov/temyi-dlya-316	/p/2012/11/20/prep-316/;
	/temi_dlja_vipuskov/temyi-dlya-315	/p/2012/11/12/prep-315/;
	/temi_dlja_vipuskov/temyi-dlya-314	/p/2012/11/06/prep-314/;
	/temi_dlja_vipuskov/temyi-dlya-313	/p/2012/10/30/prep-313/;
	/temi_dlja_vipuskov/temyi-dlya-312	/p/2012/10/23/prep-312/;
	/temi_dlja_vipuskov/temyi-dlya-311	/p/2012/10/16/prep-311/;
	/temi_dlja_vipuskov/temyi-dlya-310	/p/2012/10/09/prep-310/;
	/temi_dlja_vipuskov/temyi-dlya-309	/p/2012/10/02/prep-309/;
	/temi_dlja_vipuskov/temyi-dlya-308	/p/2012/09/24/prep-308/;
	/temi_dlja_vipuskov/temyi-dlya-307	/p/2012/09/17/prep-307/;
	/temi_dlja_vipuskov/temyi-dlya-306	/p/2012/09/11/prep-306/;
	/temi_dlja_vipuskov/temyi-dlya-305	/p/2012/09/04/prep-305/;
	/temi_dlja_vipuskov/temyi-dlya-304	/p/2012/08/28/prep-304/;
	/temi_dlja_vipuskov/temyi-dlya-303	/p/2012/08/24/prep-303/;
	/temi_dlja_vipuskov/temyi-dlya-302	/p/2012/08/14/prep-302/;
	/temi_dlja_vipuskov/temyi-dlya-301	/p/2012/08/09/prep-301/;
	/temi_dlja_vipuskov/temyi-dlya-300	/p/2012/07/30/prep-300/;
	/temi_dlja_vipuskov/temyi-dlya-299	/p/2012/07/24/prep-299/;
	/temi_dlja_vipuskov/temyi-dlya-298	/p/2012/07/17/prep-298/;
	/temi_dlja_vipuskov/temyi-dlya-297	/p/2012/07/11/prep-297/;
	/temi_dlja_vipuskov/temyi-dlya-296	/p/2012/07/03/prep-296/;
	/temi_dlja_vipuskov/temyi-dlya-295	/p/2012/06/28/prep-295/;
	/temi_dlja_vipuskov/temyi-dlya-294	/p/2012/06/18/prep-294/;
	/temi_dlja_vipuskov/temyi-dlya-293	/p/2012/06/12/prep-293/;
	/temi_dlja_vipuskov/temyi-dlya-292	/p/2012/06/06/prep-292/;
	/temi_dlja_vipuskov/temyi-dlya-291	/p/2012/05/28/prep-291/;
	/temi_dlja_vipuskov/temyi-dlya-290	/p/2012/05/21/prep-290/;
	/temi_dlja_vipuskov/temyi-dlya-289	/p/2012/05/15/prep-289/;
	/temi_dlja_vipuskov/temyi-dlya-288	/p/2012/05/09/prep-288/;
	/temi_dlja_vipuskov/temyi-dlya-287	/p/2012/05/01/prep-287/;
	/temi_dlja_vipuskov/temyi-dlya-286	/p/2012/04/24/prep-286/;
	/temi_dlja_vipuskov/temyi-dlya-285	/p/2012/04/17/prep-285/;
	/temi_dlja_vipuskov/temyi-dlya-284	/p/2012/04/11/prep-284/;
	/temi_dlja_vipuskov/temyi-dlya-283	/p/2012/04/03/prep-283/;
	/temi_dlja_vipuskov/temyi-dlya-282	/p/2012/03/28/prep-282/;
	/temi_dlja_vipuskov/temyi-dlya-281	/p/2012/03/19/prep-281/;
	/temi_dlja_vipuskov/temyi-dlya-280	/p/2012/03/14/prep-280/;
	/temi_dlja_vipuskov/temyi-dlya-279	/p/2012/03/07/prep-279/;
	/temi_dlja_vipuskov/temyi-dlya-278	/p/2012/02/29/prep-278/;
	/temi_dlja_vipuskov/temyi-dlya-277	/p/2012/02/15/prep-277/;
	/temi_dlja_vipuskov/temyi-dlya-276	/p/2012/02/07/prep-276/;
	/temi_dlja_vipuskov/temyi-dlya-275	/p/2012/02/02/prep-275/;
	/temi_dlja_vipuskov/temyi-dlya-274	/p/2012/01/25/prep-274/;
	/temi_dlja_vipuskov/temyi-dlya-273	/p/2012/01/17/prep-273/;
	/temi_dlja_vipuskov/temyi-dlya-272	/p/2012/01/10/prep-272/;
	/temi_dlja_vipuskov/temyi-dlya-271	/p/2012/01/04/prep-271/;
	/temi_dlja_vipuskov/temyi-dlya-270	/p/2011/12/27/prep-270/;
	/temi_dlja_vipuskov/temyi-dlya-269	/p/2011/12/19/prep-269/;
	/temi_dlja_vipuskov/temyi-dlya-268	/p/2011/12/14/prep-268/;
	/temi_dlja_vipuskov/temyi-dlya-267	/p/2011/12/08/prep-267/;
	/temi_dlja_vipuskov/temyi-dlya-266	/p/2011/11/30/prep-266/;
	/temi_dlja_vipuskov/temyi-dlya-265	/p/2011/11/25/prep-265/;
	/temi_dlja_vipuskov/temyi-dlya-264	/p/2011/11/16/prep-264/;
	/temi_dlja_vipuskov/temyi-dlya-263	/p/2011/11/09/prep-263/;
	/temi_dlja_vipuskov/temyi-dlya-262	/p/2011/11/03/prep-262/;
	/temi_dlja_vipuskov/temyi-dlya-261	/p/2011/10/27/prep-261/;
	/temi_dlja_vipuskov/temyi-dlya-260	/p/2011/10/18/prep-260/;
	/temi_dlja_vipuskov/temyi-dlya-259	/p/2011/10/12/prep-259/;
	/temi_dlja_vipuskov/temyi-dlya-258	/p/2011/10/04/prep-258/;
	/temi_dlja_vipuskov/temyi-dlya-257	/p/2011/09/27/prep-257/;
	/temi_dlja_vipuskov/temyi-dlya-256	/p/2011/09/22/prep-256/;
	/temi_dlja_vipuskov/temyi-dlya-255	/p/2011/09/13/prep-255/;
	/temi_dlja_vipuskov/temyi-dlya-254	/p/2011/09/08/prep-254/;
	/temi_dlja_vipuskov/temyi-dlya-253	/p/2011/08/31/prep-253/;
	/temi_dlja_vipuskov/temyi-dlya-252	/p/2011/08/23/prep-252/;
	/temi_dlja_vipuskov/temyi-dlya-251	/p/2011/08/10/prep-251/;
	/temi_dlja_vipuskov/temyi-dlya-250	/p/2011/08/02/prep-250/;
	/temi_dlja_vipuskov/temyi-dlya-249	/p/2011/07/26/prep-249/;
	/temi_dlja_vipuskov/temyi-dlya-248	/p/2011/07/20/prep-248/;
	/temi_dlja_vipuskov/temyi-dlya-247	/p/2011/07/12/prep-247/;
	/temi_dlja_vipuskov/temyi-dlya-246	/p/2011/07/05/prep-246/;
	/temi_dlja_vipuskov/temyi-dlya-245	/p/2011/06/28/prep-245/;
	/temi_dlja_vipuskov/temyi-dlya-244	/p/2011/06/22/prep-244/;
	/temi_dlja_vipuskov/temyi-dlya-243	/p/2011/06/15/prep-243/;
	/temi_dlja_vipuskov/temyi-dlya-242	/p/2011/06/08/prep-242/;
	/temi_dlja_vipuskov/temyi-dlya-241	/p/2011/06/01/prep-241/;
	/temi_dlja_vipuskov/temyi-dlya-239	/p/2011/05/18/prep-239/;
	/temi_dlja_vipuskov/temyi-dlya-240	/p/2011/05/17/prep-240/;
	/temi_dlja_vipuskov/temyi-dlya-238	/p/2011/05/03/prep-238/;
	/temi_dlja_vipuskov/temyi-dlya-237	/p/2011/04/27/prep-237/;
	/temi_dlja_vipuskov/temyi-dlya-236	/p/2011/04/20/prep-236/;
	/temi_dlja_vipuskov/temyi-dlya-235	/p/2011/04/13/prep-235/;
	/temi_dlja_vipuskov/temyi-dlya-234	/p/2011/04/06/prep-234/;
	/temi_dlja_vipuskov/temyi-dlya-233	/p/2011/03/28/prep-233/;
	/temi_dlja_vipuskov/temyi-dlya-232	/p/2011/03/23/prep-232/;
	/temi_dlja_vipuskov/temyi-dlya-231	/p/2011/03/15/prep-231/;
	/temi_dlja_vipuskov/temyi-dlya-230	/p/2011/03/07/prep-230/;
	/temi_dlja_vipuskov/temyi-dlya-229	/p/2011/03/02/prep-229/;
	/temi_dlja_vipuskov/temyi-dlya-228	/p/2011/02/21/prep-228/;
	/temi_dlja_vipuskov/temyi-dlya-227	/p/2011/02/16/prep-227/;
	/temi_dlja_vipuskov/temyi-dlya-226	/p/2011/02/11/prep-226/;
	/temi_dlja_vipuskov/temyi-dlya-225	/p/2011/02/01/prep-225/;
	/temi_dlja_vipuskov/temyi-dlya-224	/p/2011/01/25/prep-224/;
	/temi_dlja_vipuskov/temyi-dlya-223	/p/2011/01/17/prep-223/;
	/temi_dlja_vipuskov/temyi-dlya-222	/p/2011/01/12/prep-222/;
	/temi_dlja_vipuskov/temyi-dlya-221	/p/2011/01/04/prep-221/;
	/temi_dlja_vipuskov/temyi-dlya-220	/p/2010/12/29/prep-220/;
	/temi_dlja_vipuskov/temyi-dlya-219	/p/2010/12/21/prep-219/;
	/temi_dlja_vipuskov/temyi-dlya-218	/p/2010/12/14/prep-218/;
	/temi_dlja_vipuskov/temyi-dlya-217	/p/2010/12/08/prep-217/;
	/temi_dlja_vipuskov/temyi-dlya-216	/p/2010/11/29/prep-216/;
	/temi_dlja_vipuskov/temyi-dlya-215	/p/2010/11/26/prep-215/;
	/temi_dlja_vipuskov/temyi-dlya-214	/p/2010/11/16/prep-214/;
	/temi_dlja_vipuskov/temyi-dlya-213	/p/2010/11/10/prep-213/;
	/temi_dlja_vipuskov/temyi-dlya-212	/p/2010/11/02/prep-212/;
	/temi_dlja_vipuskov/temyi-dlya-211	/p/2010/10/26/prep-211/;
	/temi_dlja_vipuskov/temyi-dlya-210	/p/2010/10/20/prep-210/;
	/temi_dlja_vipuskov/temyi-dlya-209	/p/2010/10/11/prep-209/;
	/temi_dlja_vipuskov/temyi-dlya-208	/p/2010/10/05/prep-208/;
	/temi_dlja_vipuskov/temyi-dlya-207	/p/2010/09/28/prep-207/;
	/temi_dlja_vipuskov/temyi-dlya-206	/p/2010/09/21/prep-206/;
	/temi_dlja_vipuskov/temyi-dlya-205	/p/2010/09/14/prep-205/;
	/temi_dlja_vipuskov/temyi-dlya-204	/p/2010/09/08/prep-204/;
	/temi_dlja_vipuskov/temyi-dlya-203	/p/2010/09/01/prep-203/;
	/temi_dlja_vipuskov/temyi-dlya-202	/p/2010/08/25/prep-202/;
	/temi_dlja_vipuskov/temyi-dlya-201	/p/2010/08/20/prep-201/;
	/temi_dlja_vipuskov/temyi-dlya-200	/p/2010/08/11/prep-200/;
	/temi_dlja_vipuskov/temyi-dlya-199	/p/2010/08/03/prep-199/;
	/temi_dlja_vipuskov/temyi-dlya-198	/p/2010/07/27/prep-198/;
	/temi_dlja_vipuskov/temyi-dlya-197	/p/2010/07/21/prep-197/;
	/temi_dlja_vipuskov/temyi-dlya-196	/p/2010/07/12/prep-196/;
	/temi_dlja_vipuskov/temyi-dlya-195	/p/2010/07/06/prep-195/;
	/temi_dlja_vipuskov/temyi-dlya-194	/p/2010/06/30/prep-194/;
	/temi_dlja_vipuskov/temyi-dlya-193	/p/2010/06/21/prep-193/;
	/temi_dlja_vipuskov/temyi-dlya-192	/p/2010/06/15/prep-192/;
	/temi_dlja_vipuskov/temyi-dlya-191	/p/2010/06/08/prep-191/;
	/temi_dlja_vipuskov/temyi-dlya-190	/p/2010/06/01/prep-190/;
	/temi_dlja_vipuskov/temyi-dlya-189	/p/2010/05/25/prep-189/;
	/temi_dlja_vipuskov/temyi-dlya-188	/p/2010/05/20/prep-188/;
	/temi_dlja_vipuskov/temyi-dlya-187	/p/2010/05/11/prep-187/;
	/temi_dlja_vipuskov/temyi-dlya-186	/p/2010/05/04/prep-186/;
	/temi_dlja_vipuskov/temyi-dlya-185	/p/2010/04/28/prep-185/;
	/temi_dlja_vipuskov/temyi-dlya-184	/p/2010/04/20/prep-184/;
	/temi_dlja_vipuskov/temyi-dlya-183	/p/2010/04/13/prep-183/;
	/temi_dlja_vipuskov/temyi-dlya-182	/p/2010/04/06/prep-182/;
	/temi_dlja_vipuskov/temyi-dlya-181	/p/2010/03/30/prep-181/;
	/temi_dlja_vipuskov/temyi-dlya-180	/p/2010/03/23/prep-180/;
	/temi_dlja_vipuskov/temyi-dlya-179	/p/2010/03/18/prep-179/;
	/temi_dlja_vipuskov/temyi-dlya-178	/p/2010/03/10/prep-178/;
	/temi_dlja_vipuskov/temyi-dlya-177	/p/2010/03/02/prep-177/;
	/temi_dlja_vipuskov/temyi-dlya-176	/p/2010/02/23/prep-176/;
	/temi_dlja_vipuskov/temyi-dlya-175	/p/2010/02/16/prep-175/;
	/temi_dlja_vipuskov/temyi-dlya-174	/p/2010/02/09/prep-174/;
	/temi_dlja_vipuskov/temyi-dlya-173	/p/2010/02/02/prep-173/;
	/temi_dlja_vipuskov/temyi-dlya-172	/p/2010/01/26/prep-172/;
	/temi_dlja_vipuskov/temyi-dlya-171	/p/2010/01/20/prep-171/;
	/temi_dlja_vipuskov/temyi-dlya-170	/p/2010/01/12/prep-170/;
	/temi_dlja_vipuskov/temyi-dlya-169	/p/2010/01/05/prep-169/;
	/temi_dlja_vipuskov/temyi-dlya-168	/p/2009/12/29/prep-168/;
	/temi_dlja_vipuskov/temyi-dlya-167	/p/2009/12/22/prep-167/;
	/temi_dlja_vipuskov/temyi-dlya-166	/p/2009/12/16/prep-166/;
	/temi_dlja_vipuskov/temyi-dlya-165	/p/2009/12/08/prep-165/;
	/temi_dlja_vipuskov/temyi-dlya-164	/p/2009/12/01/prep-164/;
	/temi_dlja_vipuskov/temyi-dlya-163	/p/2009/11/26/prep-163/;
	/temi_dlja_vipuskov/temyi-dlya-162	/p/2009/11/17/prep-162/;
	/temi_dlja_vipuskov/temyi-dlya-161	/p/2009/11/10/prep-161/;
	/temi_dlja_vipuskov/temyi-dlya-160	/p/2009/11/03/prep-160/;
	/temi_dlja_vipuskov/temyi-dlya-159	/p/2009/10/27/prep-159/;
	/temi_dlja_vipuskov/temyi-dlya-158	/p/2009/10/13/prep-158/;
	/temi_dlja_vipuskov/temyi-dlya-157	/p/2009/10/06/prep-157/;
	/temi_dlja_vipuskov/temyi-dlya-156	/p/2009/09/28/prep-156/;
	/temi_dlja_vipuskov/temyi-dlya-155	/p/2009/09/22/prep-155/;
	/temi_dlja_vipuskov/temyi-dlya-154	/p/2009/09/15/prep-154/;
	/temi_dlja_vipuskov/temyi-dlya-153	/p/2009/09/08/prep-153/;
	/temi_dlja_vipuskov/temyi-dlya-152	/p/2009/09/01/prep-152/;
	/temi_dlja_vipuskov/temyi-dlya-151	/p/2009/08/25/prep-151/;
	/temi_dlja_vipuskov/temyi-dlya-150	/p/2009/08/18/prep-150/;
	/temi_dlja_vipuskov/temyi-dlya-149	/p/2009/08/11/prep-149/;
	/temi_dlja_vipuskov/temyi-dlya-148	/p/2009/08/04/prep-148/;
	/temi_dlja_vipuskov/temyi-dlya-147	/p/2009/07/28/prep-147/;
	/temi_dlja_vipuskov/temyi-dlya-146	/p/2009/07/22/prep-146/;
	/temi_dlja_vipuskov/temyi-dlya-145	/p/2009/07/14/prep-145/;
	/temi_dlja_vipuskov/temyi-dlya-144	/p/2009/07/07/prep-144/;
	/temi_dlja_vipuskov/temyi-dlya-143	/p/2009/06/30/prep-143/;
	/temi_dlja_vipuskov/temyi-dlya-142	/p/2009/06/24/prep-142/;
	/temi_dlja_vipuskov/temyi-dlya-141	/p/2009/06/17/prep-141/;
	/temi_dlja_vipuskov/temyi-dlya-140	/p/2009/06/11/prep-140/;
	/temi_dlja_vipuskov/temyi-dlya-139	/p/2009/05/26/prep-139/;
	/temi_dlja_vipuskov/temyi-dlya-138	/p/2009/05/21/prep-138/;
	/temi_dlja_vipuskov/temyi-dlya-137	/p/2009/05/13/prep-137/;
	/temi_dlja_vipuskov/temyi-dlya-136	/p/2009/05/05/prep-136/;
	/temi_dlja_vipuskov/temyi-dlya-135	/p/2009/04/29/prep-135/;
	/temi_dlja_vipuskov/temyi-dlya-134	/p/2009/04/22/prep-134/;
	/temi_dlja_vipuskov/temyi-dlya-133	/p/2009/04/15/prep-133/;
	/temi_dlja_vipuskov/temyi-dlya-132	/p/2009/04/08/prep-132/;
	/temi_dlja_vipuskov/temyi-dlya-131	/p/2009/03/31/prep-131/;
	/temi_dlja_vipuskov/temyi-dlya-130	/p/2009/03/24/prep-130/;
	/temi_dlja_vipuskov/temyi-dlya-129	/p/2009/03/18/prep-129/;
	/temi_dlja_vipuskov/temyi-dlya-128	/p/2009/03/11/prep-128/;
	/temi_dlja_vipuskov/temyi-dlya-127	/p/2009/03/03/prep-127/;
	/temi_dlja_vipuskov/temyi-dlya-125	/p/2009/02/17/prep-125/;
	/temi_dlja_vipuskov/temyi-dlya-124	/p/2009/02/11/prep-124/;
	/temi_dlja_vipuskov/temyi-dlya-122	/p/2009/01/28/prep-122/;
	/temi_dlja_vipuskov/temyi-dlya-119	/p/2009/01/01/prep-119/;
	/temi_dlja_vipuskov/temyi-dlya-116	/p/2008/12/09/prep-116/;
	/temi_dlja_vipuskov/temyi-dlya-115	/p/2008/12/02/prep-115/;
	/temi_dlja_vipuskov/temyi-dlya-114	/p/2008/11/25/prep-114/;
	/temi_dlja_vipuskov/temyi-dlya-113	/p/2008/11/18/prep-113/;
	/temi_dlja_vipuskov/temyi-dlya-112	/p/2008/11/11/prep-112/;
	/temi_dlja_vipuskov/temyi-dlya-111	/p/2008/11/05/prep-111/;
	/temi_dlja_vipuskov/temyi-dlya-110	/p/2008/10/27/prep-110/;
	/temi_dlja_vipuskov/temyi-dlya-109	/p/2008/10/21/prep-109/;
	/temi_dlja_vipuskov/temyi-dlya-108	/p/2008/10/14/prep-108/;
	/temi_dlja_vipuskov/temyi-dlya-107	/p/2008/10/07/prep-107/;
	/temi_dlja_vipuskov/temyi-dlya-106	/p/2008/09/29/prep-106/;
	/temi_dlja_vipuskov/temyi-dlya-105	/p/2008/09/24/prep-105/;
	/temi_dlja_vipuskov/temyi-dlya-104	/p/2008/09/16/prep-104/;
	/temi_dlja_vipuskov/temyi-dlya-103	/p/2008/09/09/prep-103/;
	/temi_dlja_vipuskov/temyi-dlya-102	/p/2008/09/02/prep-102/;
	/temi_dlja_vipuskov/temyi-dlya-101	/p/2008/08/26/prep-101/;
	/temi_dlja_vipuskov/temyi-dlya-100	/p/2008/08/19/prep-100/;
	/temi_dlja_vipuskov/temyi-dlya-99	/p/2008/08/12/prep-99/;
	/temi_dlja_vipuskov/temyi-dlya-98	/p/2008/08/06/prep-98/;
	/temi_dlja_vipuskov/temyi-dlya-97	/p/2008/07/30/prep-97/;
	/temi_dlja_vipuskov/temyi-dlya-96	/p/2008/07/22/prep-96/;
	/temi_dlja_vipuskov/temyi-dlya-95	/p/2008/07/17/prep-95/;
	/temi_dlja_vipuskov/temyi-dlya-94	/p/2008/07/08/prep-94/;
	/temi_dlja_vipuskov/temyi-dlya-93	/p/2008/06/30/prep-93/;
	/temi_dlja_vipuskov/temyi-dlya-92	/p/2008/06/25/prep-92/;
	/temi_dlja_vipuskov/temyi-dlya-91	/p/2008/06/17/prep-91/;
	/temi_dlja_vipuskov/temyi-dlya-90	/p/2008/06/10/prep-90/;
	/temi_dlja_vipuskov/temyi-dlya-89	/p/2008/06/03/prep-89/;
	/temi_dlja_vipuskov/temyi-dlya-88	/p/2008/05/27/prep-88/;
	/temi_dlja_vipuskov/temyi-dlya-87	/p/2008/05/20/prep-87/;
	/temi_dlja_vipuskov/temyi-dlya-86	/p/2008/05/15/prep-86/;
	/temi_dlja_vipuskov/temyi-dlya-85	/p/2008/05/06/prep-85/;
	/temi_dlja_vipuskov/temyi-dlya-84	/p/2008/04/29/prep-84/;
	/temi_dlja_vipuskov/temyi-dlya-83	/p/2008/04/22/prep-83/;
	/temi_dlja_vipuskov/temyi-dlya-82	/p/2008/04/15/prep-82/;
	/temi_dlja_vipuskov/temyi-dlya-81	/p/2008/04/08/prep-81/;
	/temi_dlja_vipuskov/temyi-dlya-80	/p/2008/04/01/prep-80/;
	/temi_dlja_vipuskov/temyi-dlya-79	/p/2008/03/26/prep-79/;
	/temi_dlja_vipuskov/temyi-dlya-78	/p/2008/03/19/prep-78/;
	/temi_dlja_vipuskov/temyi-dlya-77	/p/2008/03/11/prep-77/;
	/temi_dlja_vipuskov/temyi-dlya-76	/p/2008/03/04/prep-76/;
	/temi_dlja_vipuskov/temyi-dlya-75	/p/2008/02/25/prep-75/;
	/temi_dlja_vipuskov/temyi-dlya-74	/p/2008/02/18/prep-74/;
	/temi_dlja_vipuskov/temyi-dlya-73	/p/2008/02/04/prep-73/;
	/temi_dlja_vipuskov/temyi-dlya-72	/p/2008/01/29/prep-72/;
	/temi_dlja_vipuskov/temyi-dlya-71	/p/2008/01/22/prep-71/;
	/temi_dlja_vipuskov/temyi-dlya-70	/p/2008/01/15/prep-70/;
	/temi_dlja_vipuskov/temyi-dlya-69	/p/2008/01/08/prep-69/;
	/temi_dlja_vipuskov/temyi-dlya-68	/p/2008/01/01/prep-68/;
	/temi_dlja_vipuskov/temyi-dlya-67	/p/2007/12/24/prep-67/;
	/temi_dlja_vipuskov/temyi-dlya-66	/p/2007/12/18/prep-66/;
	/temi_dlja_vipuskov/temyi-dlya-65	/p/2007/12/11/prep-65/;
	/temi_dlja_vipuskov/temyi-dlya-64	/p/2007/12/03/prep-64/;
	/temi_dlja_vipuskov/temyi-dlya-63	/p/2007/11/27/prep-63/;
	/temi_dlja_vipuskov/temyi-dlya-62	/p/2007/11/20/prep-62/;
	/temi_dlja_vipuskov/temyi-dlya-61	/p/2007/11/12/prep-61/;
	/temi_dlja_vipuskov/temyi-dlya-60	/p/2007/11/06/prep-60/;
	/temi_dlja_vipuskov/temyi-dlya-59	/p/2007/10/30/prep-59/;
	/temi_dlja_vipuskov/temyi-dlya-58	/p/2007/10/23/prep-58/;
	/temi_dlja_vipuskov/temyi-dlya-57	/p/2007/10/16/prep-57/;
	/temi_dlja_vipuskov/temyi-dlya-56	/p/2007/10/09/prep-56/;
	/temi_dlja_vipuskov/temyi-dlya-55	/p/2007/10/03/prep-55/;
	/temi_dlja_vipuskov/temyi-dlya-54	/p/2007/09/25/prep-54/;
	/temi_dlja_vipuskov/temyi-dlya-53	/p/2007/09/19/prep-53/;
	/temi_dlja_vipuskov/temyi-dlya-52	/p/2007/09/10/prep-52/;
	/temi_dlja_vipuskov/temyi-dlya-51	/p/2007/09/04/prep-51/;
	/temi_dlja_vipuskov/temyi-dlya-50	/p/2007/08/31/prep-50/;
	/temi_dlja_vipuskov/temyi-dlya-49	/p/2007/08/21/prep-49/;
	/temi_dlja_vipuskov/temyi-dlya-48	/p/2007/08/15/prep-48/;
	/temi_dlja_vipuskov/temyi-dlya-47	/p/2007/08/08/prep-47/;
	/temi_dlja_vipuskov/temyi-dlya-46	/p/2007/07/25/prep-46/;
	/temi_dlja_vipuskov/temyi-dlya-44	/p/2007/07/02/prep-44/;
}